// Jest Snapshot v1, https://goo.gl/fbAQLP

exports[`PdfUIPageNumInput renders properly 1`] = `
Object {
  "asFragment": [Function],
  "baseElement": <body>
    <div>
      <div
        style="display: inline-block;"
      >
        <div
          class="page-progress-indicator-input   "
        >
          <label
            for="page-progress-indicator-input"
          >
            <span>
              Page
            </span>
          </label>
          <div
            class="input-container"
          >
            <input
              class="page-progress-indicator-input"
              id="page-progress-indicator-input"
              maxlength="4"
              name="page-progress-indicator-input"
              type="text"
              value="1"
            />
          </div>
        </div>
      </div>
    </div>
  </body>,
  "container": <div>
    <div
      style="display: inline-block;"
    >
      <div
        class="page-progress-indicator-input   "
      >
        <label
          for="page-progress-indicator-input"
        >
          <span>
            Page
          </span>
        </label>
        <div
          class="input-container"
        >
          <input
            class="page-progress-indicator-input"
            id="page-progress-indicator-input"
            maxlength="4"
            name="page-progress-indicator-input"
            type="text"
            value="1"
          />
        </div>
      </div>
    </div>
  </div>,
  "debug": [Function],
  "findAllByAltText": [Function],
  "findAllByDisplayValue": [Function],
  "findAllByLabelText": [Function],
  "findAllByPlaceholderText": [Function],
  "findAllByRole": [Function],
  "findAllByTestId": [Function],
  "findAllByText": [Function],
  "findAllByTitle": [Function],
  "findByAltText": [Function],
  "findByDisplayValue": [Function],
  "findByLabelText": [Function],
  "findByPlaceholderText": [Function],
  "findByRole": [Function],
  "findByTestId": [Function],
  "findByText": [Function],
  "findByTitle": [Function],
  "getAllByAltText": [Function],
  "getAllByDisplayValue": [Function],
  "getAllByLabelText": [Function],
  "getAllByPlaceholderText": [Function],
  "getAllByRole": [Function],
  "getAllByTestId": [Function],
  "getAllByText": [Function],
  "getAllByTitle": [Function],
  "getByAltText": [Function],
  "getByDisplayValue": [Function],
  "getByLabelText": [Function],
  "getByPlaceholderText": [Function],
  "getByRole": [Function],
  "getByTestId": [Function],
  "getByText": [Function],
  "getByTitle": [Function],
  "queryAllByAltText": [Function],
  "queryAllByDisplayValue": [Function],
  "queryAllByLabelText": [Function],
  "queryAllByPlaceholderText": [Function],
  "queryAllByRole": [Function],
  "queryAllByTestId": [Function],
  "queryAllByText": [Function],
  "queryAllByTitle": [Function],
  "queryByAltText": [Function],
  "queryByDisplayValue": [Function],
  "queryByLabelText": [Function],
  "queryByPlaceholderText": [Function],
  "queryByRole": [Function],
  "queryByTestId": [Function],
  "queryByText": [Function],
  "queryByTitle": [Function],
  "rerender": [Function],
  "unmount": [Function],
}
`;
