// Jest Snapshot v1, https://goo.gl/fbAQLP

exports[`Personnel component renders correctly renders correctly 1`] = `
<div>
  <div>
    <section
      class="cf-app-segment cf-app-segment--alt"
    >
      <div>
        <h1>
          Generate task report
        </h1>
        <form>
          <h2>
            Type of report
          </h2>
          <div
            class=""
          >
            <div
              class="cf-form-dropdown dropdown-reportType"
            >
              <label
                class="question-label"
                for="report-type"
                id="report-type-label"
              >
                <span>
                  Report Type
                </span>
              </label>
              <div
                class="cf-select"
              >
                <div
                  class=" css-2b097c-container"
                >
                  <div
                    class="cf-select__control css-yk16xz-control"
                  >
                    <div
                      class="cf-select__value-container cf-select__value-container--has-value css-g1d714-ValueContainer"
                    >
                      <div
                        class="cf-select__single-value css-1uccc91-singleValue"
                      >
                        Event / Action
                      </div>
                      <div
                        class="css-81nyic-Input"
                      >
                        <div
                          class="cf-select__input"
                          style="display: inline-block;"
                        >
                          <input
                            aria-autocomplete="list"
                            aria-expanded="false"
                            aria-haspopup="true"
                            aria-labelledby="report-type-label"
                            aria-owns="report-type-listbox"
                            autocapitalize="none"
                            autocomplete="off"
                            autocorrect="off"
                            id="report-type"
                            role="combobox"
                            spellcheck="false"
                            style="box-sizing: content-box; width: 2px; border: 0px; opacity: 0; outline: 0; padding: 0px;"
                            tabindex="0"
                            type="text"
                            value=""
                          />
                          <div
                            style="position: absolute; top: 0px; left: 0px; visibility: hidden; height: 0px; overflow: scroll; white-space: pre; font-family: -webkit-small-control; letter-spacing: normal; text-transform: none;"
                          />
                        </div>
                      </div>
                    </div>
                    <div
                      class="cf-select__indicators css-1hb7zxy-IndicatorsContainer"
                    >
                      <span
                        class="cf-select__indicator-separator css-1okebmr-indicatorSeparator"
                      />
                      <div
                        aria-hidden="true"
                        class="cf-select__indicator cf-select__dropdown-indicator css-tlfecz-indicatorContainer"
                      >
                        <svg
                          aria-hidden="true"
                          class="css-6q0nyr-Svg"
                          focusable="false"
                          height="20"
                          viewBox="0 0 20 20"
                          width="20"
                        >
                          <path
                            d="M4.516 7.548c0.436-0.446 1.043-0.481 1.576 0l3.908 3.747 3.908-3.747c0.533-0.481 1.141-0.446 1.574 0 0.436 0.445 0.408 1.197 0 1.615-0.406 0.418-4.695 4.502-4.695 4.502-0.217 0.223-0.502 0.335-0.787 0.335s-0.57-0.112-0.789-0.335c0 0-4.287-4.084-4.695-4.502s-0.436-1.17 0-1.615z"
                          />
                        </svg>
                      </div>
                    </div>
                  </div>
                  <input
                    name="reportType"
                    type="hidden"
                    value="event_type_action"
                  />
                </div>
              </div>
            </div>
          </div>
          <div
            style="margin-top: 20px;"
          >
            <fieldset
              class="usa-fieldset-inputs cf-form-radio "
            >
              <legend
                class=""
              >
                <span>
                  
                   
                </span>
              </legend>
              <div
                class="cf-form-radio-options"
              >
                <div
                  class="cf-form-radio-option"
                >
                  <input
                    checked=""
                    id="_all_events_action"
                    name=""
                    type="radio"
                    value="all_events_action"
                  />
                  <label
                    class=""
                    for="_all_events_action"
                  >
                    All Events / Actions
                  </label>
                </div>
                <div
                  class="cf-form-radio-option"
                >
                  <input
                    id="_specific_events_action"
                    name=""
                    type="radio"
                    value="specific_events_action"
                  />
                  <label
                    class=""
                    for="_specific_events_action"
                  >
                    Specific Events / Actions
                  </label>
                </div>
              </div>
            </fieldset>
          </div>
          <div>
            <hr
              style="margin-top: 50px; margin-bottom: 50px;"
            />
            <h2>
              Timing specifications
            </h2>
            <div
              class=""
            >
              <div
                class="cf-form-dropdown dropdown-timing.range"
              >
                <label
                  class="question-label"
                  for="timing-range"
                  id="timing-range-label"
                >
                  <span>
                    Range
                    <span
                      class="cf-optional"
                    >
                      Optional
                    </span>
                  </span>
                </label>
                <div
                  class="cf-select"
                >
                  <div
                    class=" css-2b097c-container"
                  >
                    <div
                      class="cf-select__control css-yk16xz-control"
                    >
                      <div
                        class="cf-select__value-container css-g1d714-ValueContainer"
                      >
                        <div
                          class="cf-select__placeholder css-1wa3eu0-placeholder"
                        >
                          Select...
                        </div>
                        <div
                          class="css-81nyic-Input"
                        >
                          <div
                            class="cf-select__input"
                            style="display: inline-block;"
                          >
                            <input
                              aria-autocomplete="list"
                              aria-expanded="false"
                              aria-haspopup="true"
                              aria-labelledby="timing-range-label"
                              aria-owns="timing-range-listbox"
                              autocapitalize="none"
                              autocomplete="off"
                              autocorrect="off"
                              id="timing-range"
                              role="combobox"
                              spellcheck="false"
                              style="box-sizing: content-box; width: 2px; border: 0px; opacity: 1; outline: 0; padding: 0px;"
                              tabindex="0"
                              type="text"
                              value=""
                            />
                            <div
                              style="position: absolute; top: 0px; left: 0px; visibility: hidden; height: 0px; overflow: scroll; white-space: pre; font-family: -webkit-small-control; letter-spacing: normal; text-transform: none;"
                            />
                          </div>
                        </div>
                      </div>
                      <div
                        class="cf-select__indicators css-1hb7zxy-IndicatorsContainer"
                      >
                        <span
                          class="cf-select__indicator-separator css-1okebmr-indicatorSeparator"
                        />
                        <div
                          aria-hidden="true"
                          class="cf-select__indicator cf-select__dropdown-indicator css-tlfecz-indicatorContainer"
                        >
                          <svg
                            aria-hidden="true"
                            class="css-6q0nyr-Svg"
                            focusable="false"
                            height="20"
                            viewBox="0 0 20 20"
                            width="20"
                          >
                            <path
                              d="M4.516 7.548c0.436-0.446 1.043-0.481 1.576 0l3.908 3.747 3.908-3.747c0.533-0.481 1.141-0.446 1.574 0 0.436 0.445 0.408 1.197 0 1.615-0.406 0.418-4.695 4.502-4.695 4.502-0.217 0.223-0.502 0.335-0.787 0.335s-0.57-0.112-0.789-0.335c0 0-4.287-4.084-4.695-4.502s-0.436-1.17 0-1.615z"
                            />
                          </svg>
                        </div>
                      </div>
                    </div>
                    <input
                      name="timing.range"
                      type="hidden"
                      value=""
                    />
                  </div>
                </div>
              </div>
            </div>
          </div>
          <div>
            <hr
              style="margin: 50px 0px;"
            />
            <h2
              style="margin: 0px;"
            >
              Conditions
            </h2>
            <div
              class="report-page-segment"
            >
              <div
                class="cf-app-segment cf-app-segment--alt report-page-variable-condition"
              >
                <div
                  class="report-page-variable-select"
                >
                  <div
                    class=""
                  >
                    <div
                      class="cf-form-dropdown dropdown-conditions.0.condition"
                    >
                      <label
                        class="question-label"
                        for="conditions-0-condition"
                        id="conditions-0-condition-label"
                      >
                        <span>
                          Variable
                        </span>
                      </label>
                      <div
                        class="cf-select"
                      >
                        <div
                          class="cf-select--is-disabled css-14jk2my-container"
                        >
                          <div
                            class="cf-select__control cf-select__control--is-disabled css-1fhf3k1-control"
                          >
                            <div
                              class="cf-select__value-container cf-select__value-container--has-value css-g1d714-ValueContainer"
                            >
                              <div
                                class="cf-select__single-value cf-select__single-value--is-disabled css-107lb6w-singleValue"
                              >
                                Personnel
                              </div>
                              <input
                                aria-autocomplete="list"
                                class="css-62g3xt-dummyInput"
                                disabled=""
                                id="conditions-0-condition"
                                readonly=""
                                tabindex="0"
                                value=""
                              />
                            </div>
                            <div
                              class="cf-select__indicators css-1hb7zxy-IndicatorsContainer"
                            >
                              <span
                                class="cf-select__indicator-separator css-109onse-indicatorSeparator"
                              />
                              <div
                                aria-hidden="true"
                                class="cf-select__indicator cf-select__dropdown-indicator css-tlfecz-indicatorContainer"
                              >
                                <svg
                                  aria-hidden="true"
                                  class="css-6q0nyr-Svg"
                                  focusable="false"
                                  height="20"
                                  viewBox="0 0 20 20"
                                  width="20"
                                >
                                  <path
                                    d="M4.516 7.548c0.436-0.446 1.043-0.481 1.576 0l3.908 3.747 3.908-3.747c0.533-0.481 1.141-0.446 1.574 0 0.436 0.445 0.408 1.197 0 1.615-0.406 0.418-4.695 4.502-4.695 4.502-0.217 0.223-0.502 0.335-0.787 0.335s-0.57-0.112-0.789-0.335c0 0-4.287-4.084-4.695-4.502s-0.436-1.17 0-1.615z"
                                  />
                                </svg>
                              </div>
                            </div>
                          </div>
                        </div>
                      </div>
                    </div>
                  </div>
                </div>
                <div
                  class="report-page-middle-content"
                >
                  including
                </div>
                <div
                  class="report-page-variable-content"
                >
                  <div
                    class="report-page-multi-select-dropdown"
                  >
                    <div
                      class=""
                    >
                      <div
                        class="cf-form-dropdown dropdown-conditions.0.options.personnel"
                      >
                        <label
                          class="question-label"
                          for="conditions-0-options-personnel"
                          id="conditions-0-options-personnel-label"
                        >
                          <span>
                            VHA team members
                          </span>
                        </label>
                        <div
                          class="cf-select"
                        >
                          <div
                            class=" css-2b097c-container"
                          >
                            <div
                              class="cf-select__control css-yk16xz-control"
                            >
                              <div
                                class="cf-select__value-container cf-select__value-container--is-multi css-g1d714-ValueContainer"
                              >
                                <div
                                  class="cf-select__placeholder css-1wa3eu0-placeholder"
                                >
                                  Select...
                                </div>
                                <div
                                  class="css-81nyic-Input"
                                >
                                  <div
                                    class="cf-select__input"
                                    style="display: inline-block;"
                                  >
                                    <input
                                      aria-autocomplete="list"
                                      aria-expanded="false"
                                      aria-haspopup="true"
                                      aria-labelledby="conditions-0-options-personnel-label"
                                      aria-owns="conditions-0-options-personnel-listbox"
                                      autocapitalize="none"
                                      autocomplete="off"
                                      autocorrect="off"
                                      id="conditions-0-options-personnel"
                                      role="combobox"
                                      spellcheck="false"
                                      style="box-sizing: content-box; width: 2px; border: 0px; opacity: 1; outline: 0; padding: 0px;"
                                      tabindex="0"
                                      type="text"
                                      value=""
                                    />
                                    <div
                                      style="position: absolute; top: 0px; left: 0px; visibility: hidden; height: 0px; overflow: scroll; white-space: pre; font-family: -webkit-small-control; letter-spacing: normal; text-transform: none;"
                                    />
                                  </div>
                                </div>
                              </div>
                              <div
                                class="cf-select__indicators css-1hb7zxy-IndicatorsContainer"
                              >
                                <span
                                  class="cf-select__indicator-separator css-1okebmr-indicatorSeparator"
                                />
                                <div
                                  aria-hidden="true"
                                  class="cf-select__indicator cf-select__dropdown-indicator css-tlfecz-indicatorContainer"
                                >
                                  <svg
                                    aria-hidden="true"
                                    class="css-6q0nyr-Svg"
                                    focusable="false"
                                    height="20"
                                    viewBox="0 0 20 20"
                                    width="20"
                                  >
                                    <path
                                      d="M4.516 7.548c0.436-0.446 1.043-0.481 1.576 0l3.908 3.747 3.908-3.747c0.533-0.481 1.141-0.446 1.574 0 0.436 0.445 0.408 1.197 0 1.615-0.406 0.418-4.695 4.502-4.695 4.502-0.217 0.223-0.502 0.335-0.787 0.335s-0.57-0.112-0.789-0.335c0 0-4.287-4.084-4.695-4.502s-0.436-1.17 0-1.615z"
                                    />
                                  </svg>
                                </div>
                              </div>
                            </div>
                            <div>
                              <input
                                name="conditions.0.options.personnel"
                                type="hidden"
                              />
                            </div>
                          </div>
                        </div>
                      </div>
                    </div>
                  </div>
                </div>
              </div>
              <a>
                Remove condition
              </a>
            </div>
            <span>
              <button
                class="cf-submit usa-button"
                type="button"
              >
                Add Condition
              </button>
            </span>
          </div>
        </form>
      </div>
    </section>
    <div
      data-css-1rfrm1q=""
    >
      <span>
        <button
          class="cf-modal-link cf-btn-link usa-button"
          id="button-cancel-report"
          type="button"
        >
          Cancel
        </button>
      </span>
      <div
        data-css-cfdlna=""
      >
        <span>
          <button
            class="usa-button-secondary usa-button"
            id="button-clear-filters"
            type="button"
          >
            Clear filters
          </button>
        </span>
        <span>
          <button
            class="usa-button usa-button"
            id="button-generate-report"
            type="button"
          >
            Generate task report
          </button>
        </span>
      </div>
    </div>
  </div>
</div>
`;
