// Jest Snapshot v1, https://goo.gl/fbAQLP

exports[`SaveLimitReachModal renders correctly renders correctly 1`] = `
Object {
  "asFragment": [Function],
  "baseElement": <body>
    <div>
      <section
        aria-describedby="modal_id-desc"
        aria-labelledby="modal_id-title"
        aria-modal="true"
        class="cf-modal active "
        id="modal_id"
        role="dialog"
      >
        <div
          class="cf-modal-body"
          id=""
        >
          <button
            class="cf-modal-close"
            id="Limit-Reached-button-id-close"
            type="button"
          >
            <span
              class="usa-sr-only"
            >
              Close
            </span>
            <svg
              class="cf-icon-close"
              height="55"
              viewBox="0 0 55 55"
              xmlns="http://www.w3.org/2000/svg"
            >
              <title>
                close
              </title>
              <g
                fill="#212121"
              >
                <path
                  d="M52.6 46.9l-6 6c-.8.8-1.9 1.2-3 1.2s-2.2-.4-3-1.2l-13-13-13 13c-.8.8-1.9 1.2-3 1.2s-2.2-.4-3-1.2l-6-6c-.8-.8-1.2-1.9-1.2-3s.4-2.2 1.2-3l13-13-13-13c-.8-.8-1.2-1.9-1.2-3s.4-2.2 1.2-3l6-6c.8-.8 1.9-1.2 3-1.2s2.2.4 3 1.2l13 13 13-13c.8-.8 1.9-1.2 3-1.2s2.2.4 3 1.2l6 6c.8.8 1.2 1.9 1.2 3s-.4 2.2-1.2 3l-13 13 13 13c.8.8 1.2 1.9 1.2 3s-.4 2.2-1.2 3z"
                />
              </g>
            </svg>
          </button>
          <div
            style="display: flex; flex-wrap: wrap;"
          >
            <h1
              id="modal_id-title"
              style="flex: 1;"
            >
              Limit Reached
            </h1>
            <div
              data-css-2flkvz=""
            >
              You've reached the max limit of 10 saved searches. Please select a search to delete before proceeding.
              <fieldset
                class="usa-fieldset-inputs cf-form-radio "
              >
                <legend
                  class="usa-sr-only"
                >
                  <span>
                    radioFieldSearchGroup
                     
                  </span>
                </legend>
                <div
                  class="cf-form-radio-options"
                  style="margin-left: 5px;"
                >
                  <div
                    class="cf-form-radio-option"
                  >
                    <input
                      id="radioFieldSearchGroup_10"
                      name="radioFieldSearchGroup"
                      type="radio"
                      value="10"
                    />
                    <label
                      class=""
                      for="radioFieldSearchGroup_10"
                    >
                      Search Name2
                    </label>
                  </div>
                </div>
              </fieldset>
              <fieldset
                class="usa-fieldset-inputs cf-form-radio "
              >
                <legend
                  class="usa-sr-only"
                >
                  <span>
                    radioFieldSearchGroup
                     
                  </span>
                </legend>
                <div
                  class="cf-form-radio-options"
                  style="margin-left: 5px;"
                >
                  <div
                    class="cf-form-radio-option"
                  >
                    <input
                      id="radioFieldSearchGroup_11"
                      name="radioFieldSearchGroup"
                      type="radio"
                      value="11"
                    />
                    <label
                      class=""
                      for="radioFieldSearchGroup_11"
                    >
                      Search Name3
                    </label>
                  </div>
                </div>
              </fieldset>
              <fieldset
                class="usa-fieldset-inputs cf-form-radio "
              >
                <legend
                  class="usa-sr-only"
                >
                  <span>
                    radioFieldSearchGroup
                     
                  </span>
                </legend>
                <div
                  class="cf-form-radio-options"
                  style="margin-left: 5px;"
                >
                  <div
                    class="cf-form-radio-option"
                  >
                    <input
                      id="radioFieldSearchGroup_12"
                      name="radioFieldSearchGroup"
                      type="radio"
                      value="12"
                    />
                    <label
                      class=""
                      for="radioFieldSearchGroup_12"
                    >
                      Search Name4
                    </label>
                  </div>
                </div>
              </fieldset>
              <fieldset
                class="usa-fieldset-inputs cf-form-radio "
              >
                <legend
                  class="usa-sr-only"
                >
                  <span>
                    radioFieldSearchGroup
                     
                  </span>
                </legend>
                <div
                  class="cf-form-radio-options"
                  style="margin-left: 5px;"
                >
                  <div
                    class="cf-form-radio-option"
                  >
                    <input
                      id="radioFieldSearchGroup_13"
                      name="radioFieldSearchGroup"
                      type="radio"
                      value="13"
                    />
                    <label
                      class=""
                      for="radioFieldSearchGroup_13"
                    >
                      Search Name4
                    </label>
                  </div>
                </div>
              </fieldset>
              <fieldset
                class="usa-fieldset-inputs cf-form-radio "
              >
                <legend
                  class="usa-sr-only"
                >
                  <span>
                    radioFieldSearchGroup
                     
                  </span>
                </legend>
                <div
                  class="cf-form-radio-options"
                  style="margin-left: 5px;"
                >
                  <div
                    class="cf-form-radio-option"
                  >
                    <input
                      id="radioFieldSearchGroup_14"
                      name="radioFieldSearchGroup"
                      type="radio"
                      value="14"
                    />
                    <label
                      class=""
                      for="radioFieldSearchGroup_14"
                    >
                      Search Name4
                    </label>
                  </div>
                </div>
              </fieldset>
              <fieldset
                class="usa-fieldset-inputs cf-form-radio "
              >
                <legend
                  class="usa-sr-only"
                >
                  <span>
                    radioFieldSearchGroup
                     
                  </span>
                </legend>
                <div
                  class="cf-form-radio-options"
                  style="margin-left: 5px;"
                >
                  <div
                    class="cf-form-radio-option"
                  >
                    <input
                      id="radioFieldSearchGroup_15"
                      name="radioFieldSearchGroup"
                      type="radio"
                      value="15"
                    />
                    <label
                      class=""
                      for="radioFieldSearchGroup_15"
                    >
                      Search Name4
                    </label>
                  </div>
                </div>
              </fieldset>
              <fieldset
                class="usa-fieldset-inputs cf-form-radio "
              >
                <legend
                  class="usa-sr-only"
                >
                  <span>
                    radioFieldSearchGroup
                     
                  </span>
                </legend>
                <div
                  class="cf-form-radio-options"
                  style="margin-left: 5px;"
                >
                  <div
                    class="cf-form-radio-option"
                  >
                    <input
                      id="radioFieldSearchGroup_16"
                      name="radioFieldSearchGroup"
                      type="radio"
                      value="16"
                    />
                    <label
                      class=""
                      for="radioFieldSearchGroup_16"
                    >
                      Search Name4
                    </label>
                  </div>
                </div>
              </fieldset>
              <fieldset
                class="usa-fieldset-inputs cf-form-radio "
              >
                <legend
                  class="usa-sr-only"
                >
                  <span>
                    radioFieldSearchGroup
                     
                  </span>
                </legend>
                <div
                  class="cf-form-radio-options"
                  style="margin-left: 5px;"
                >
                  <div
                    class="cf-form-radio-option"
                  >
                    <input
                      id="radioFieldSearchGroup_17"
                      name="radioFieldSearchGroup"
                      type="radio"
                      value="17"
                    />
                    <label
                      class=""
                      for="radioFieldSearchGroup_17"
                    >
                      Search Name2
                    </label>
                  </div>
                </div>
              </fieldset>
              <fieldset
                class="usa-fieldset-inputs cf-form-radio "
              >
                <legend
                  class="usa-sr-only"
                >
                  <span>
                    radioFieldSearchGroup
                     
                  </span>
                </legend>
                <div
                  class="cf-form-radio-options"
                  style="margin-left: 5px;"
                >
                  <div
                    class="cf-form-radio-option"
                  >
                    <input
                      id="radioFieldSearchGroup_18"
                      name="radioFieldSearchGroup"
                      type="radio"
                      value="18"
                    />
                    <label
                      class=""
                      for="radioFieldSearchGroup_18"
                    >
                      Search Name2
                    </label>
                  </div>
                </div>
              </fieldset>
              <fieldset
                class="usa-fieldset-inputs cf-form-radio "
              >
                <legend
                  class="usa-sr-only"
                >
                  <span>
                    radioFieldSearchGroup
                     
                  </span>
                </legend>
                <div
                  class="cf-form-radio-options"
                  style="margin-left: 5px;"
                >
                  <div
                    class="cf-form-radio-option"
                  >
                    <input
                      id="radioFieldSearchGroup_20"
                      name="radioFieldSearchGroup"
                      type="radio"
                      value="20"
                    />
                    <label
                      class=""
                      for="radioFieldSearchGroup_20"
                    >
                      Search Name2
                    </label>
                  </div>
                </div>
              </fieldset>
            </div>
          </div>
          <div
            class="cf-modal-divider"
          />
          <div
            class="cf-modal-controls"
          >
            <span>
              <button
                class="cf-modal-link cf-btn-link cf-push-left usa-button"
                id="Limit-Reached-button-id-0"
                type="button"
              >
                Cancel
              </button>
            </span>
            <span>
              <button
                class="cf_add_margin cf-push-right usa-button-disabled usa-button"
                disabled=""
                id="Limit-Reached-button-id-1"
                type="button"
              >
                Delete
              </button>
            </span>
            <span>
              <button
                class="usa-button usa-button-secondary cf-push-right usa-button"
                id="Limit-Reached-button-id-2"
                type="button"
              >
                View saved searches
              </button>
            </span>
          </div>
        </div>
      </section>
    </div>
  </body>,
  "container": <div>
    <section
      aria-describedby="modal_id-desc"
      aria-labelledby="modal_id-title"
      aria-modal="true"
      class="cf-modal active "
      id="modal_id"
      role="dialog"
    >
      <div
        class="cf-modal-body"
        id=""
      >
        <button
          class="cf-modal-close"
          id="Limit-Reached-button-id-close"
          type="button"
        >
          <span
            class="usa-sr-only"
          >
            Close
          </span>
          <svg
            class="cf-icon-close"
            height="55"
            viewBox="0 0 55 55"
            xmlns="http://www.w3.org/2000/svg"
          >
            <title>
              close
            </title>
            <g
              fill="#212121"
            >
              <path
                d="M52.6 46.9l-6 6c-.8.8-1.9 1.2-3 1.2s-2.2-.4-3-1.2l-13-13-13 13c-.8.8-1.9 1.2-3 1.2s-2.2-.4-3-1.2l-6-6c-.8-.8-1.2-1.9-1.2-3s.4-2.2 1.2-3l13-13-13-13c-.8-.8-1.2-1.9-1.2-3s.4-2.2 1.2-3l6-6c.8-.8 1.9-1.2 3-1.2s2.2.4 3 1.2l13 13 13-13c.8-.8 1.9-1.2 3-1.2s2.2.4 3 1.2l6 6c.8.8 1.2 1.9 1.2 3s-.4 2.2-1.2 3l-13 13 13 13c.8.8 1.2 1.9 1.2 3s-.4 2.2-1.2 3z"
              />
            </g>
          </svg>
        </button>
        <div
          style="display: flex; flex-wrap: wrap;"
        >
          <h1
            id="modal_id-title"
            style="flex: 1;"
          >
            Limit Reached
          </h1>
          <div
            data-css-2flkvz=""
          >
            You've reached the max limit of 10 saved searches. Please select a search to delete before proceeding.
            <fieldset
              class="usa-fieldset-inputs cf-form-radio "
            >
              <legend
                class="usa-sr-only"
              >
                <span>
                  radioFieldSearchGroup
                   
                </span>
              </legend>
              <div
                class="cf-form-radio-options"
                style="margin-left: 5px;"
              >
                <div
                  class="cf-form-radio-option"
                >
                  <input
                    id="radioFieldSearchGroup_10"
                    name="radioFieldSearchGroup"
                    type="radio"
                    value="10"
                  />
                  <label
                    class=""
                    for="radioFieldSearchGroup_10"
                  >
                    Search Name2
                  </label>
                </div>
              </div>
            </fieldset>
            <fieldset
              class="usa-fieldset-inputs cf-form-radio "
            >
              <legend
                class="usa-sr-only"
              >
                <span>
                  radioFieldSearchGroup
                   
                </span>
              </legend>
              <div
                class="cf-form-radio-options"
                style="margin-left: 5px;"
              >
                <div
                  class="cf-form-radio-option"
                >
                  <input
                    id="radioFieldSearchGroup_11"
                    name="radioFieldSearchGroup"
                    type="radio"
                    value="11"
                  />
                  <label
                    class=""
                    for="radioFieldSearchGroup_11"
                  >
                    Search Name3
                  </label>
                </div>
              </div>
            </fieldset>
            <fieldset
              class="usa-fieldset-inputs cf-form-radio "
            >
              <legend
                class="usa-sr-only"
              >
                <span>
                  radioFieldSearchGroup
                   
                </span>
              </legend>
              <div
                class="cf-form-radio-options"
                style="margin-left: 5px;"
              >
                <div
                  class="cf-form-radio-option"
                >
                  <input
                    id="radioFieldSearchGroup_12"
                    name="radioFieldSearchGroup"
                    type="radio"
                    value="12"
                  />
                  <label
                    class=""
                    for="radioFieldSearchGroup_12"
                  >
                    Search Name4
                  </label>
                </div>
              </div>
            </fieldset>
            <fieldset
              class="usa-fieldset-inputs cf-form-radio "
            >
              <legend
                class="usa-sr-only"
              >
                <span>
                  radioFieldSearchGroup
                   
                </span>
              </legend>
              <div
                class="cf-form-radio-options"
                style="margin-left: 5px;"
              >
                <div
                  class="cf-form-radio-option"
                >
                  <input
                    id="radioFieldSearchGroup_13"
                    name="radioFieldSearchGroup"
                    type="radio"
                    value="13"
                  />
                  <label
                    class=""
                    for="radioFieldSearchGroup_13"
                  >
                    Search Name4
                  </label>
                </div>
              </div>
            </fieldset>
            <fieldset
              class="usa-fieldset-inputs cf-form-radio "
            >
              <legend
                class="usa-sr-only"
              >
                <span>
                  radioFieldSearchGroup
                   
                </span>
              </legend>
              <div
                class="cf-form-radio-options"
                style="margin-left: 5px;"
              >
                <div
                  class="cf-form-radio-option"
                >
                  <input
                    id="radioFieldSearchGroup_14"
                    name="radioFieldSearchGroup"
                    type="radio"
                    value="14"
                  />
                  <label
                    class=""
                    for="radioFieldSearchGroup_14"
                  >
                    Search Name4
                  </label>
                </div>
              </div>
            </fieldset>
            <fieldset
              class="usa-fieldset-inputs cf-form-radio "
            >
              <legend
                class="usa-sr-only"
              >
                <span>
                  radioFieldSearchGroup
                   
                </span>
              </legend>
              <div
                class="cf-form-radio-options"
                style="margin-left: 5px;"
              >
                <div
                  class="cf-form-radio-option"
                >
                  <input
                    id="radioFieldSearchGroup_15"
                    name="radioFieldSearchGroup"
                    type="radio"
                    value="15"
                  />
                  <label
                    class=""
                    for="radioFieldSearchGroup_15"
                  >
                    Search Name4
                  </label>
                </div>
              </div>
            </fieldset>
            <fieldset
              class="usa-fieldset-inputs cf-form-radio "
            >
              <legend
                class="usa-sr-only"
              >
                <span>
                  radioFieldSearchGroup
                   
                </span>
              </legend>
              <div
                class="cf-form-radio-options"
                style="margin-left: 5px;"
              >
                <div
                  class="cf-form-radio-option"
                >
                  <input
                    id="radioFieldSearchGroup_16"
                    name="radioFieldSearchGroup"
                    type="radio"
                    value="16"
                  />
                  <label
                    class=""
                    for="radioFieldSearchGroup_16"
                  >
                    Search Name4
                  </label>
                </div>
              </div>
            </fieldset>
            <fieldset
              class="usa-fieldset-inputs cf-form-radio "
            >
              <legend
                class="usa-sr-only"
              >
                <span>
                  radioFieldSearchGroup
                   
                </span>
              </legend>
              <div
                class="cf-form-radio-options"
                style="margin-left: 5px;"
              >
                <div
                  class="cf-form-radio-option"
                >
                  <input
                    id="radioFieldSearchGroup_17"
                    name="radioFieldSearchGroup"
                    type="radio"
                    value="17"
                  />
                  <label
                    class=""
                    for="radioFieldSearchGroup_17"
                  >
                    Search Name2
                  </label>
                </div>
              </div>
            </fieldset>
            <fieldset
              class="usa-fieldset-inputs cf-form-radio "
            >
              <legend
                class="usa-sr-only"
              >
                <span>
                  radioFieldSearchGroup
                   
                </span>
              </legend>
              <div
                class="cf-form-radio-options"
                style="margin-left: 5px;"
              >
                <div
                  class="cf-form-radio-option"
                >
                  <input
                    id="radioFieldSearchGroup_18"
                    name="radioFieldSearchGroup"
                    type="radio"
                    value="18"
                  />
                  <label
                    class=""
                    for="radioFieldSearchGroup_18"
                  >
                    Search Name2
                  </label>
                </div>
              </div>
            </fieldset>
            <fieldset
              class="usa-fieldset-inputs cf-form-radio "
            >
              <legend
                class="usa-sr-only"
              >
                <span>
                  radioFieldSearchGroup
                   
                </span>
              </legend>
              <div
                class="cf-form-radio-options"
                style="margin-left: 5px;"
              >
                <div
                  class="cf-form-radio-option"
                >
                  <input
                    id="radioFieldSearchGroup_20"
                    name="radioFieldSearchGroup"
                    type="radio"
                    value="20"
                  />
                  <label
                    class=""
                    for="radioFieldSearchGroup_20"
                  >
                    Search Name2
                  </label>
                </div>
              </div>
            </fieldset>
          </div>
        </div>
        <div
          class="cf-modal-divider"
        />
        <div
          class="cf-modal-controls"
        >
          <span>
            <button
              class="cf-modal-link cf-btn-link cf-push-left usa-button"
              id="Limit-Reached-button-id-0"
              type="button"
            >
              Cancel
            </button>
          </span>
          <span>
            <button
              class="cf_add_margin cf-push-right usa-button-disabled usa-button"
              disabled=""
              id="Limit-Reached-button-id-1"
              type="button"
            >
              Delete
            </button>
          </span>
          <span>
            <button
              class="usa-button usa-button-secondary cf-push-right usa-button"
              id="Limit-Reached-button-id-2"
              type="button"
            >
              View saved searches
            </button>
          </span>
        </div>
      </div>
    </section>
  </div>,
  "debug": [Function],
  "findAllByAltText": [Function],
  "findAllByDisplayValue": [Function],
  "findAllByLabelText": [Function],
  "findAllByPlaceholderText": [Function],
  "findAllByRole": [Function],
  "findAllByTestId": [Function],
  "findAllByText": [Function],
  "findAllByTitle": [Function],
  "findByAltText": [Function],
  "findByDisplayValue": [Function],
  "findByLabelText": [Function],
  "findByPlaceholderText": [Function],
  "findByRole": [Function],
  "findByTestId": [Function],
  "findByText": [Function],
  "findByTitle": [Function],
  "getAllByAltText": [Function],
  "getAllByDisplayValue": [Function],
  "getAllByLabelText": [Function],
  "getAllByPlaceholderText": [Function],
  "getAllByRole": [Function],
  "getAllByTestId": [Function],
  "getAllByText": [Function],
  "getAllByTitle": [Function],
  "getByAltText": [Function],
  "getByDisplayValue": [Function],
  "getByLabelText": [Function],
  "getByPlaceholderText": [Function],
  "getByRole": [Function],
  "getByTestId": [Function],
  "getByText": [Function],
  "getByTitle": [Function],
  "queryAllByAltText": [Function],
  "queryAllByDisplayValue": [Function],
  "queryAllByLabelText": [Function],
  "queryAllByPlaceholderText": [Function],
  "queryAllByRole": [Function],
  "queryAllByTestId": [Function],
  "queryAllByText": [Function],
  "queryAllByTitle": [Function],
  "queryByAltText": [Function],
  "queryByDisplayValue": [Function],
  "queryByLabelText": [Function],
  "queryByPlaceholderText": [Function],
  "queryByRole": [Function],
  "queryByTestId": [Function],
  "queryByText": [Function],
  "queryByTitle": [Function],
  "rerender": [Function],
  "unmount": [Function],
}
`;
