// Jest Snapshot v1, https://goo.gl/fbAQLP

exports[`AddClaimantPage renders default state correctly 1`] = `
<div>
  <div
    class="cf-app-segment"
  >
    <div
      class="cf-progress-bar"
      role="list"
    >
      <div
        aria-current="step"
        class="cf-progress-bar-section"
        role="listitem"
      >
        <div
          class="cf-progress-bar-activated"
        >
          <b>
            1. Select Form
          </b>
        </div>
      </div>
      <div
        aria-current="false"
        class="cf-progress-bar-section"
        role="listitem"
      >
        <div
          class="cf-progress-bar-not-activated"
        >
          2. Search
        </div>
      </div>
      <div
        aria-current="false"
        class="cf-progress-bar-section"
        role="listitem"
      >
        <div
          class="cf-progress-bar-not-activated"
        >
          3. Review
        </div>
      </div>
      <div
        aria-current="false"
        class="cf-progress-bar-section"
        role="listitem"
      >
        <div
          class="cf-progress-bar-not-activated"
        >
          4. Add Issues
        </div>
      </div>
      <div
        aria-current="false"
        class="cf-progress-bar-section"
        role="listitem"
      >
        <div
          class="cf-progress-bar-not-activated"
        >
          5. Confirmation
        </div>
      </div>
    </div>
  </div>
  <section
    class="cf-app-segment cf-app-segment--alt"
  >
    <div>
      <h1>
        Add Claimant
      </h1>
      <p>
        You are adding a claimant who is not listed in Caseflow. Please select the claimantâ€™s relationship to the Veteran and add their information accordingly. If the claimant has indicated a representative, you can add their information in the next step.
      </p>
      <form>
        <div
          class=""
        >
          <div
            class="cf-form-dropdown dropdown-relationship"
          >
            <label
              class="question-label"
              for="relationship"
              id="relationship-label"
            >
              <strong>
                <span>
                  Relationship to the Veteran
                </span>
              </strong>
            </label>
            <div
              class="cf-select"
            >
              <div
                class=" css-2b097c-container"
              >
                <div
                  class="cf-select__control css-yk16xz-control"
                >
                  <div
                    class="cf-select__value-container css-g1d714-ValueContainer"
                  >
                    <div
                      class="cf-select__placeholder css-1wa3eu0-placeholder"
                    >
                      Select...
                    </div>
                    <div
                      class="css-81nyic-Input"
                    >
                      <div
                        class="cf-select__input"
                        style="display: inline-block;"
                      >
                        <input
                          aria-autocomplete="list"
                          aria-expanded="false"
                          aria-haspopup="true"
                          aria-labelledby="relationship-label"
                          aria-owns="relationship-listbox"
                          autocapitalize="none"
                          autocomplete="off"
                          autocorrect="off"
                          id="relationship"
                          role="combobox"
                          spellcheck="false"
                          style="box-sizing: content-box; width: 2px; border: 0px; opacity: 1; outline: 0; padding: 0px;"
                          tabindex="0"
                          type="text"
                          value=""
                        />
                        <div
                          style="position: absolute; top: 0px; left: 0px; visibility: hidden; height: 0px; overflow: scroll; white-space: pre; font-family: -webkit-small-control; letter-spacing: normal; text-transform: none;"
                        />
                      </div>
                    </div>
                  </div>
                  <div
                    class="cf-select__indicators css-1hb7zxy-IndicatorsContainer"
                  >
                    <span
                      class="cf-select__indicator-separator css-1okebmr-indicatorSeparator"
                    />
                    <div
                      aria-hidden="true"
                      class="cf-select__indicator cf-select__dropdown-indicator css-tlfecz-indicatorContainer"
                    >
                      <svg
                        aria-hidden="true"
                        class="css-6q0nyr-Svg"
                        focusable="false"
                        height="20"
                        viewBox="0 0 20 20"
                        width="20"
                      >
                        <path
                          d="M4.516 7.548c0.436-0.446 1.043-0.481 1.576 0l3.908 3.747 3.908-3.747c0.533-0.481 1.141-0.446 1.574 0 0.436 0.445 0.408 1.197 0 1.615-0.406 0.418-4.695 4.502-4.695 4.502-0.217 0.223-0.502 0.335-0.787 0.335s-0.57-0.112-0.789-0.335c0 0-4.287-4.084-4.695-4.502s-0.436-1.17 0-1.615z"
                        />
                      </svg>
                    </div>
                  </div>
                </div>
                <input
                  name="relationship"
                  type="hidden"
                  value=""
                />
              </div>
            </div>
          </div>
        </div>
        <br />
        <br />
      </form>
    </div>
  </section>
  <nav
    class="cf-app-segment css-syjz65"
    role="navigation"
  >
    <div>
      <button
        class="cf-btn-link cf-btn-link usa-button"
        id="cancel-intake"
        style="float: left; padding-left: 0px;"
        type="button"
      >
        Cancel intake
      </button>
      <span>
        <button
          class="usa-button-secondary usa-button"
          id="button-go-back"
          style="margin-right: 1em;"
          type="button"
        >
          Back
        </button>
      </span>
      <span>
        <button
          class="cf-right-side usa-button"
          id="button-submit-review"
          type="button"
        >
          Continue to next step
        </button>
      </span>
    </div>
  </nav>
</div>
`;
