// Jest Snapshot v1, https://goo.gl/fbAQLP

exports[`HearingLinks Matches snapshot when hearing is virtual and in progress 1`] = `
<HearingLinks
  hearing={
    Object {
      "scheduledForIsPast": false,
    }
  }
  isVirtual={true}
  user={
    Object {
      "addressCity": "Washington",
      "addressLine1": "123 Fake St.",
      "addressState": "DC",
      "addressZip": "20001",
      "name": "John Smith",
    }
  }
  virtualHearing={
    Object {
      "aliasWithHost": "BVA#00000001@localhost",
      "clientHost": "localhost",
      "guestPin": "12345678#",
      "hostPin": "1234567890#",
      "jobCompleted": true,
      "status": "active",
    }
  }
>
  <div
    data-css-19plkw7=""
    data-css-1fmltfu=""
  >
    <LinkContainer
      hearing={
        Object {
          "scheduledForIsPast": false,
        }
      }
      isVirtual={true}
      label="VLJ Link"
      linkText="Start Virtual Hearing"
      role="VLJ"
      user={
        Object {
          "addressCity": "Washington",
          "addressLine1": "123 Fake St.",
          "addressState": "DC",
          "addressZip": "20001",
          "name": "John Smith",
        }
      }
      virtualHearing={
        Object {
          "aliasWithHost": "BVA#00000001@localhost",
          "clientHost": "localhost",
          "guestPin": "12345678#",
          "hostPin": "1234567890#",
          "jobCompleted": true,
          "status": "active",
        }
      }
    >
      <div
        data-css-tx10g=""
        id="vlj-hearings-link"
      >
        <strong>
          VLJ Link
          : 
        </strong>
        <VirtualHearingLinkDetails
          aliasWithHost="BVA#00000001@localhost"
          hearing={
            Object {
              "scheduledForIsPast": false,
            }
          }
          isVirtual={true}
          label="Start Virtual Hearing"
          pin="1234567890#"
          role="VLJ"
          user={
            Object {
              "addressCity": "Washington",
              "addressLine1": "123 Fake St.",
              "addressState": "DC",
              "addressZip": "20001",
              "name": "John Smith",
            }
          }
          virtualHearing={
            Object {
              "aliasWithHost": "BVA#00000001@localhost",
              "clientHost": "localhost",
              "guestPin": "12345678#",
              "hostPin": "1234567890#",
              "jobCompleted": true,
              "status": "active",
            }
          }
        >
          <VirtualHearingLink
            hearing={
              Object {
                "scheduledForIsPast": false,
              }
            }
            isVirtual={true}
            label="Start Virtual Hearing"
            newWindow={true}
            showFullLink={false}
            user={
              Object {
                "addressCity": "Washington",
                "addressLine1": "123 Fake St.",
                "addressState": "DC",
                "addressZip": "20001",
                "name": "John Smith",
              }
            }
            virtualHearing={
              Object {
                "aliasWithHost": "BVA#00000001@localhost",
                "clientHost": "localhost",
                "guestPin": "12345678#",
                "hostPin": "1234567890#",
                "jobCompleted": true,
                "status": "active",
              }
            }
          >
            <Link
              disabled={false}
              target="_blank"
            >
              <a
                target="_blank"
                type={null}
              >
                <strong>
                  Start Virtual Hearing
                </strong>
                <span
                  data-css-32srrr=""
                >
                   
                  <ExternalLink
                    fill="#0071bc"
                  >
                    <svg
                      height="16px"
                      version="1.1"
                      viewBox="0 0 18 16"
                      width="18px"
                      xmlns="http://www.w3.org/2000/svg"
                    >
                      <g
                        fill="none"
                        fillRule="evenodd"
                        stroke="none"
                        strokeWidth="1"
                      >
                        <g
                          fill="#0071bc"
                          fillRule="nonzero"
                        >
                          <g
                            transform="translate(1.000000, 1.000000)"
                          >
                            <path
                              d="M12.2767813,8.17242825 L11.7057188,8.17242825 C11.6223125,8.17242825 11.553875,8.19969476 11.500625,8.25448292 C11.4469375,8.30895216 11.4202188,8.37876082 11.4202188,8.46378132 L11.4202188,11.377344 C11.4202188,11.7779863 11.2805313,12.1208747 11.001,12.4062005 C10.7214688,12.6914624 10.3853438,12.8339818 9.99275,12.8339818 L2.5695,12.8339818 C2.1769375,12.8339818 1.84084375,12.6914624 1.56125,12.4062005 C1.28171875,12.1209066 1.14196875,11.7780182 1.14196875,11.377344 L1.14196875,3.80200456 C1.14196875,3.40139408 1.2816875,3.05853759 1.56125,2.77324374 C1.84084375,2.487918 2.1769375,2.34533485 2.5695,2.34533485 L8.8505625,2.34533485 C8.93396875,2.34533485 9.00240625,2.31794077 9.055875,2.26337585 C9.10934375,2.20874715 9.1360625,2.13900228 9.1360625,2.05394989 L9.1360625,1.47114806 C9.1360625,1.38625513 9.10934375,1.31638269 9.055875,1.26184966 C9.00240625,1.20722096 8.93396875,1.17995444 8.8505625,1.17995444 L2.5695,1.17995444 C1.86175,1.17995444 1.2565,1.43641913 0.7538125,1.94931663 C0.2513125,2.46218223 0,3.07984055 0,3.80210023 L0,11.3774715 C0,12.0996993 0.2513125,12.7174533 0.75384375,13.2301595 C1.25653125,13.7430888 1.86178125,13.9996811 2.56953125,13.9996811 L9.99275,13.9996811 C10.7004688,13.9996811 11.3057813,13.7430888 11.8084063,13.2301595 C12.3110625,12.7174533 12.562375,12.0997312 12.562375,11.3774715 L12.562375,8.46400456 C12.562375,8.37888838 12.535625,8.30904784 12.4819375,8.25448292 C12.4284063,8.19969476 12.3599688,8.17242825 12.2767813,8.17242825 Z"
                              id="Shape"
                            />
                            <path
                              d="M15.8009687,0.172974943 C15.6879375,0.0576264237 15.5539375,0 15.3994062,0 L10.8313437,0 C10.6767187,0 10.5428125,0.0576264237 10.429875,0.172974943 C10.3168438,0.288259681 10.26025,0.42484738 10.26025,0.58267426 C10.26025,0.740501139 10.3168438,0.877120729 10.429875,0.992469248 L12.0000938,2.59491116 L6.183,8.53138952 C6.1234375,8.59207745 6.09375,8.661918 6.09375,8.74068793 C6.09375,8.81974487 6.12353125,8.88955353 6.183,8.95024146 L7.200125,9.98809112 C7.25959375,10.048779 7.32803125,10.0790433 7.40534375,10.0790433 C7.48265625,10.0790433 7.551125,10.0488109 7.6105625,9.98809112 L13.4276875,4.05170843 L14.9980313,5.65415034 C15.1109687,5.76949886 15.2448438,5.82718907 15.3995,5.82718907 C15.5541562,5.82718907 15.6880312,5.76949886 15.8010937,5.65415034 C15.914125,5.53883371 15.9705937,5.4022779 15.9705937,5.24445103 L15.9705937,0.58267426 C15.9705625,0.424751708 15.9139063,0.288259681 15.8009687,0.172974943 Z"
                              id="Shape"
                            />
                          </g>
                        </g>
                      </g>
                    </svg>
                  </ExternalLink>
                </span>
              </a>
            </Link>
          </VirtualHearingLink>
          <div
            data-css-1abghdv=""
          >
            <strong>
              Conference Room: 
            </strong>
            BVA#00000001@localhost
          </div>
          <div
            data-css-6aejb2=""
          >
            <strong>
              PIN: 
            </strong>
            1234567890#
          </div>
          <CopyTextButton
            label=""
            text="Copy VLJ Link"
          >
            <Tooltip
              id="tooltip-Copy VLJ Link"
              position="bottom"
              text="Click to copy"
            >
              <span
                aria-describedby="tooltip-Copy VLJ Link"
                data-event="focus mouseenter"
                data-event-off="keydown mouseleave"
                data-for="tooltip-Copy VLJ Link"
                data-tip={true}
                role="tooltip"
                tabIndex={0}
              >
                <CopyToClipboard
                  text="Copy VLJ Link"
                >
                  <button
                    aria-label="Copy  Copy VLJ Link"
                    className="cf-apppeal-id"
                    data-css-cjlnsd=""
                    onClick={[Function]}
                    type="submit"
                  >
                    Copy VLJ Link
                     
                    <ClipboardIcon>
                      <svg
                        height="16"
                        viewBox="0 0 21 21"
                        width="16"
                        xmlns="http://www.w3.org/2000/svg"
                      >
                        <path
                          d="M13.346 2.578h-2.664v-1.29C10.682.585 10.08 0 9.35 0H6.66c-.728 0-1.33.584-1.33 1.29v1.288H2.663v2.577h10.682V2.578zm-4.02 0H6.66v-1.29h2.665v1.29zm6.685 3.89V3.234a.665.665 0 0 0-.678-.656H14v1.29h.68v2.576H6.66v9.046H1.333V3.867h.68v-1.29H.678a.665.665 0 0 0-.68.657v12.913c0 .365.302.656.68.656h6.006v3.867h9.35l3.996-3.867V6.468h-4.02zm0 12.378v-2.043h2.112l-2.11 2.043zm2.665-3.356H14.68v3.867H7.992v-11.6h10.682v7.733z"
                          fill="#5B616B"
                          fillRule="evenodd"
                        />
                      </svg>
                    </ClipboardIcon>
                  </button>
                </CopyToClipboard>
              </span>
              <span
                data-css-15opktr=""
              >
                <ReactTooltip
                  clickable={false}
                  effect="solid"
                  id="tooltip-Copy VLJ Link"
                  insecure={true}
                  multiline={true}
                  offset={Object {}}
                  place="bottom"
                  resizeHide={true}
                  wrapper="div"
                >
                  <div
                    className="__react_component_tooltip place-bottom type-dark "
                    data-id="tooltip"
                    id="tooltip-Copy VLJ Link"
                  >
                    Click to copy
                  </div>
                </ReactTooltip>
              </span>
            </Tooltip>
          </CopyTextButton>
        </VirtualHearingLinkDetails>
      </div>
    </LinkContainer>
    <LinkContainer
      hearing={
        Object {
          "scheduledForIsPast": false,
        }
      }
      isVirtual={true}
      label="Guest Link"
      linkText="Join Virtual Hearing"
      role="Guest"
      user={
        Object {
          "addressCity": "Washington",
          "addressLine1": "123 Fake St.",
          "addressState": "DC",
          "addressZip": "20001",
          "name": "John Smith",
        }
      }
      virtualHearing={
        Object {
          "aliasWithHost": "BVA#00000001@localhost",
          "clientHost": "localhost",
          "guestPin": "12345678#",
          "hostPin": "1234567890#",
          "jobCompleted": true,
          "status": "active",
        }
      }
    >
      <div
        data-css-tx10g=""
        id="guest-hearings-link"
      >
        <strong>
          Guest Link
          : 
        </strong>
        <VirtualHearingLinkDetails
          aliasWithHost="BVA#00000001@localhost"
          hearing={
            Object {
              "scheduledForIsPast": false,
            }
          }
          isVirtual={true}
          label="Join Virtual Hearing"
          pin="12345678#"
          role="Guest"
          user={
            Object {
              "addressCity": "Washington",
              "addressLine1": "123 Fake St.",
              "addressState": "DC",
              "addressZip": "20001",
              "name": "John Smith",
            }
          }
          virtualHearing={
            Object {
              "aliasWithHost": "BVA#00000001@localhost",
              "clientHost": "localhost",
              "guestPin": "12345678#",
              "hostPin": "1234567890#",
              "jobCompleted": true,
              "status": "active",
            }
          }
        >
          <VirtualHearingLink
            hearing={
              Object {
                "scheduledForIsPast": false,
              }
            }
            isVirtual={true}
            label="Join Virtual Hearing"
            newWindow={true}
            showFullLink={false}
            user={
              Object {
                "addressCity": "Washington",
                "addressLine1": "123 Fake St.",
                "addressState": "DC",
                "addressZip": "20001",
                "name": "John Smith",
              }
            }
            virtualHearing={
              Object {
                "aliasWithHost": "BVA#00000001@localhost",
                "clientHost": "localhost",
                "guestPin": "12345678#",
                "hostPin": "1234567890#",
                "jobCompleted": true,
                "status": "active",
              }
            }
          >
            <Link
              disabled={false}
              target="_blank"
            >
              <a
                target="_blank"
                type={null}
              >
                <strong>
                  Join Virtual Hearing
                </strong>
                <span
                  data-css-32srrr=""
                >
                   
                  <ExternalLink
                    fill="#0071bc"
                  >
                    <svg
                      height="16px"
                      version="1.1"
                      viewBox="0 0 18 16"
                      width="18px"
                      xmlns="http://www.w3.org/2000/svg"
                    >
                      <g
                        fill="none"
                        fillRule="evenodd"
                        stroke="none"
                        strokeWidth="1"
                      >
                        <g
                          fill="#0071bc"
                          fillRule="nonzero"
                        >
                          <g
                            transform="translate(1.000000, 1.000000)"
                          >
                            <path
                              d="M12.2767813,8.17242825 L11.7057188,8.17242825 C11.6223125,8.17242825 11.553875,8.19969476 11.500625,8.25448292 C11.4469375,8.30895216 11.4202188,8.37876082 11.4202188,8.46378132 L11.4202188,11.377344 C11.4202188,11.7779863 11.2805313,12.1208747 11.001,12.4062005 C10.7214688,12.6914624 10.3853438,12.8339818 9.99275,12.8339818 L2.5695,12.8339818 C2.1769375,12.8339818 1.84084375,12.6914624 1.56125,12.4062005 C1.28171875,12.1209066 1.14196875,11.7780182 1.14196875,11.377344 L1.14196875,3.80200456 C1.14196875,3.40139408 1.2816875,3.05853759 1.56125,2.77324374 C1.84084375,2.487918 2.1769375,2.34533485 2.5695,2.34533485 L8.8505625,2.34533485 C8.93396875,2.34533485 9.00240625,2.31794077 9.055875,2.26337585 C9.10934375,2.20874715 9.1360625,2.13900228 9.1360625,2.05394989 L9.1360625,1.47114806 C9.1360625,1.38625513 9.10934375,1.31638269 9.055875,1.26184966 C9.00240625,1.20722096 8.93396875,1.17995444 8.8505625,1.17995444 L2.5695,1.17995444 C1.86175,1.17995444 1.2565,1.43641913 0.7538125,1.94931663 C0.2513125,2.46218223 0,3.07984055 0,3.80210023 L0,11.3774715 C0,12.0996993 0.2513125,12.7174533 0.75384375,13.2301595 C1.25653125,13.7430888 1.86178125,13.9996811 2.56953125,13.9996811 L9.99275,13.9996811 C10.7004688,13.9996811 11.3057813,13.7430888 11.8084063,13.2301595 C12.3110625,12.7174533 12.562375,12.0997312 12.562375,11.3774715 L12.562375,8.46400456 C12.562375,8.37888838 12.535625,8.30904784 12.4819375,8.25448292 C12.4284063,8.19969476 12.3599688,8.17242825 12.2767813,8.17242825 Z"
                              id="Shape"
                            />
                            <path
                              d="M15.8009687,0.172974943 C15.6879375,0.0576264237 15.5539375,0 15.3994062,0 L10.8313437,0 C10.6767187,0 10.5428125,0.0576264237 10.429875,0.172974943 C10.3168438,0.288259681 10.26025,0.42484738 10.26025,0.58267426 C10.26025,0.740501139 10.3168438,0.877120729 10.429875,0.992469248 L12.0000938,2.59491116 L6.183,8.53138952 C6.1234375,8.59207745 6.09375,8.661918 6.09375,8.74068793 C6.09375,8.81974487 6.12353125,8.88955353 6.183,8.95024146 L7.200125,9.98809112 C7.25959375,10.048779 7.32803125,10.0790433 7.40534375,10.0790433 C7.48265625,10.0790433 7.551125,10.0488109 7.6105625,9.98809112 L13.4276875,4.05170843 L14.9980313,5.65415034 C15.1109687,5.76949886 15.2448438,5.82718907 15.3995,5.82718907 C15.5541562,5.82718907 15.6880312,5.76949886 15.8010937,5.65415034 C15.914125,5.53883371 15.9705937,5.4022779 15.9705937,5.24445103 L15.9705937,0.58267426 C15.9705625,0.424751708 15.9139063,0.288259681 15.8009687,0.172974943 Z"
                              id="Shape"
                            />
                          </g>
                        </g>
                      </g>
                    </svg>
                  </ExternalLink>
                </span>
              </a>
            </Link>
          </VirtualHearingLink>
          <div
            data-css-1abghdv=""
          >
            <strong>
              Conference Room: 
            </strong>
            BVA#00000001@localhost
          </div>
          <div
            data-css-6aejb2=""
          >
            <strong>
              PIN: 
            </strong>
            12345678#
          </div>
          <CopyTextButton
            label=""
            text="Copy Guest Link"
          >
            <Tooltip
              id="tooltip-Copy Guest Link"
              position="bottom"
              text="Click to copy"
            >
              <span
                aria-describedby="tooltip-Copy Guest Link"
                data-event="focus mouseenter"
                data-event-off="keydown mouseleave"
                data-for="tooltip-Copy Guest Link"
                data-tip={true}
                role="tooltip"
                tabIndex={0}
              >
                <CopyToClipboard
                  text="Copy Guest Link"
                >
                  <button
                    aria-label="Copy  Copy Guest Link"
                    className="cf-apppeal-id"
                    data-css-cjlnsd=""
                    onClick={[Function]}
                    type="submit"
                  >
                    Copy Guest Link
                     
                    <ClipboardIcon>
                      <svg
                        height="16"
                        viewBox="0 0 21 21"
                        width="16"
                        xmlns="http://www.w3.org/2000/svg"
                      >
                        <path
                          d="M13.346 2.578h-2.664v-1.29C10.682.585 10.08 0 9.35 0H6.66c-.728 0-1.33.584-1.33 1.29v1.288H2.663v2.577h10.682V2.578zm-4.02 0H6.66v-1.29h2.665v1.29zm6.685 3.89V3.234a.665.665 0 0 0-.678-.656H14v1.29h.68v2.576H6.66v9.046H1.333V3.867h.68v-1.29H.678a.665.665 0 0 0-.68.657v12.913c0 .365.302.656.68.656h6.006v3.867h9.35l3.996-3.867V6.468h-4.02zm0 12.378v-2.043h2.112l-2.11 2.043zm2.665-3.356H14.68v3.867H7.992v-11.6h10.682v7.733z"
                          fill="#5B616B"
                          fillRule="evenodd"
                        />
                      </svg>
                    </ClipboardIcon>
                  </button>
                </CopyToClipboard>
              </span>
              <span
                data-css-4jj7wk=""
              >
                <ReactTooltip
                  clickable={false}
                  effect="solid"
                  id="tooltip-Copy Guest Link"
                  insecure={true}
                  multiline={true}
                  offset={Object {}}
                  place="bottom"
                  resizeHide={true}
                  wrapper="div"
                >
                  <div
                    className="__react_component_tooltip place-bottom type-dark "
                    data-id="tooltip"
                    id="tooltip-Copy Guest Link"
                  >
                    Click to copy
                  </div>
                </ReactTooltip>
              </span>
            </Tooltip>
          </CopyTextButton>
        </VirtualHearingLinkDetails>
      </div>
    </LinkContainer>
    <div />
  </div>
</HearingLinks>
`;

exports[`HearingLinks Matches snapshot when hearing was virtual and occurred 1`] = `
<HearingLinks
  hearing={
    Object {
      "scheduledForIsPast": false,
    }
  }
  user={
    Object {
      "addressCity": "Washington",
      "addressLine1": "123 Fake St.",
      "addressState": "DC",
      "addressZip": "20001",
      "name": "John Smith",
    }
  }
  virtualHearing={
    Object {
      "aliasWithHost": "BVA#00000001@localhost",
      "clientHost": "localhost",
      "guestPin": "12345678#",
      "hostPin": "1234567890#",
      "jobCompleted": true,
      "status": "active",
    }
  }
  wasVirtual={true}
>
  <div
    data-css-19plkw7=""
    data-css-1fmltfu=""
  >
    <LinkContainer
      hearing={
        Object {
          "scheduledForIsPast": false,
        }
      }
      label="VLJ Link"
      linkText="Start Virtual Hearing"
      role="VLJ"
      user={
        Object {
          "addressCity": "Washington",
          "addressLine1": "123 Fake St.",
          "addressState": "DC",
          "addressZip": "20001",
          "name": "John Smith",
        }
      }
      virtualHearing={
        Object {
          "aliasWithHost": "BVA#00000001@localhost",
          "clientHost": "localhost",
          "guestPin": "12345678#",
          "hostPin": "1234567890#",
          "jobCompleted": true,
          "status": "active",
        }
      }
      wasVirtual={true}
    >
      <div
        data-css-tx10g=""
        id="vlj-hearings-link"
      >
        <strong>
          VLJ Link
          : 
        </strong>
        <VirtualHearingLinkDetails
          aliasWithHost="BVA#00000001@localhost"
          hearing={
            Object {
              "scheduledForIsPast": false,
            }
          }
          label="Start Virtual Hearing"
          pin="1234567890#"
          role="VLJ"
          user={
            Object {
              "addressCity": "Washington",
              "addressLine1": "123 Fake St.",
              "addressState": "DC",
              "addressZip": "20001",
              "name": "John Smith",
            }
          }
          virtualHearing={
            Object {
              "aliasWithHost": "BVA#00000001@localhost",
              "clientHost": "localhost",
              "guestPin": "12345678#",
              "hostPin": "1234567890#",
              "jobCompleted": true,
              "status": "active",
            }
          }
          wasVirtual={true}
        >
          <span>
            Expired
          </span>
          <div
            data-css-1abghdv=""
          >
            <strong>
              Conference Room: 
            </strong>
            BVA#00000001@localhost
          </div>
          <div
            data-css-6aejb2=""
          >
            <strong>
              PIN: 
            </strong>
            1234567890#
          </div>
        </VirtualHearingLinkDetails>
      </div>
    </LinkContainer>
    <LinkContainer
      hearing={
        Object {
          "scheduledForIsPast": false,
        }
      }
      label="Guest Link"
      linkText="Join Virtual Hearing"
      role="Guest"
      user={
        Object {
          "addressCity": "Washington",
          "addressLine1": "123 Fake St.",
          "addressState": "DC",
          "addressZip": "20001",
          "name": "John Smith",
        }
      }
      virtualHearing={
        Object {
          "aliasWithHost": "BVA#00000001@localhost",
          "clientHost": "localhost",
          "guestPin": "12345678#",
          "hostPin": "1234567890#",
          "jobCompleted": true,
          "status": "active",
        }
      }
      wasVirtual={true}
    >
      <div
        data-css-tx10g=""
        id="guest-hearings-link"
      >
        <strong>
          Guest Link
          : 
        </strong>
        <VirtualHearingLinkDetails
          aliasWithHost="BVA#00000001@localhost"
          hearing={
            Object {
              "scheduledForIsPast": false,
            }
          }
          label="Join Virtual Hearing"
          pin="12345678#"
          role="Guest"
          user={
            Object {
              "addressCity": "Washington",
              "addressLine1": "123 Fake St.",
              "addressState": "DC",
              "addressZip": "20001",
              "name": "John Smith",
            }
          }
          virtualHearing={
            Object {
              "aliasWithHost": "BVA#00000001@localhost",
              "clientHost": "localhost",
              "guestPin": "12345678#",
              "hostPin": "1234567890#",
              "jobCompleted": true,
              "status": "active",
            }
          }
          wasVirtual={true}
        >
          <span>
            Expired
          </span>
          <div
            data-css-1abghdv=""
          >
            <strong>
              Conference Room: 
            </strong>
            BVA#00000001@localhost
          </div>
          <div
            data-css-6aejb2=""
          >
            <strong>
              PIN: 
            </strong>
            12345678#
          </div>
        </VirtualHearingLinkDetails>
      </div>
    </LinkContainer>
    <div />
  </div>
</HearingLinks>
`;

exports[`HearingLinks Matches snapshot with default props when passed in 1`] = `<HearingLinks />`;
