// Jest Snapshot v1, https://goo.gl/fbAQLP

exports[`HearingDayInfoButton renders correctly 1`] = `
<div>
  <span>
    <button
      class="unselected-hearing-day-info-button cf-btn-link usa-button"
      data-css-1fa3cif=""
      type="button"
    >
      <div>
        <div
          data-css-16v9b8i=""
        >
          <div
            data-css-1o3wy7o=""
          >
            Mon Apr 12
          </div>
          <div
            data-css-5bhwlq=""
          >
            <span
              aria-describedby="hearing-day-undefined"
              aria-label=""
              currentitem="false"
              data-event="focus mouseenter"
              data-event-off="mouseleave keydown"
              data-for="hearing-day-undefined"
              data-tip="true"
              tabindex="-1"
            >
              Video · VLJ Jerengal, Jonas
            </span>
            <span
              data-css-10mgax4=""
            >
              <div
                class="__react_component_tooltip t00000000-0000-0000-0000-000000000000 place-bottom type-dark"
                data-id="tooltip"
                id="hearing-day-undefined"
                role="tooltip"
              >
                <style>
                  
  	.t00000000-0000-0000-0000-000000000000 {
	    color: #fff;
	    background: #222;
	    border: 1px solid transparent;
  	}

  	.t00000000-0000-0000-0000-000000000000.place-top {
        margin-top: -10px;
    }
    .t00000000-0000-0000-0000-000000000000.place-top::before {
        border-top: 8px solid transparent;
    }
    .t00000000-0000-0000-0000-000000000000.place-top::after {
        border-left: 8px solid transparent;
        border-right: 8px solid transparent;
        bottom: -6px;
        left: 50%;
        margin-left: -8px;
        border-top-color: #222;
        border-top-style: solid;
        border-top-width: 6px;
    }

    .t00000000-0000-0000-0000-000000000000.place-bottom {
        margin-top: 10px;
    }
    .t00000000-0000-0000-0000-000000000000.place-bottom::before {
        border-bottom: 8px solid transparent;
    }
    .t00000000-0000-0000-0000-000000000000.place-bottom::after {
        border-left: 8px solid transparent;
        border-right: 8px solid transparent;
        top: -6px;
        left: 50%;
        margin-left: -8px;
        border-bottom-color: #222;
        border-bottom-style: solid;
        border-bottom-width: 6px;
    }

    .t00000000-0000-0000-0000-000000000000.place-left {
        margin-left: -10px;
    }
    .t00000000-0000-0000-0000-000000000000.place-left::before {
        border-left: 8px solid transparent;
    }
    .t00000000-0000-0000-0000-000000000000.place-left::after {
        border-top: 5px solid transparent;
        border-bottom: 5px solid transparent;
        right: -6px;
        top: 50%;
        margin-top: -4px;
        border-left-color: #222;
        border-left-style: solid;
        border-left-width: 6px;
    }

    .t00000000-0000-0000-0000-000000000000.place-right {
        margin-left: 10px;
    }
    .t00000000-0000-0000-0000-000000000000.place-right::before {
        border-right: 8px solid transparent;
    }
    .t00000000-0000-0000-0000-000000000000.place-right::after {
        border-top: 5px solid transparent;
        border-bottom: 5px solid transparent;
        left: -6px;
        top: 50%;
        margin-top: -4px;
        border-right-color: #222;
        border-right-style: solid;
        border-right-width: 6px;
    }
  
                </style>
                VLJ Jerengal, Jonas
              </div>
            </span>
          </div>
        </div>
        <div
          data-css-1fnaqki=""
        >
          <div
            data-css-lrak98=""
          >
            0 of 8
          </div>
          <div
            data-css-heqg99=""
          >
            scheduled
          </div>
        </div>
      </div>
    </button>
  </span>
</div>
`;

exports[`HearingDayInfoButton renders the Docket readable request type when Docket is type Virtual 1`] = `
<div>
  <span>
    <button
      class="unselected-hearing-day-info-button cf-btn-link usa-button"
      data-css-1fa3cif=""
      type="button"
    >
      <div>
        <div
          data-css-16v9b8i=""
        >
          <div
            data-css-1o3wy7o=""
          >
            Mon Apr 12
          </div>
          <div
            data-css-5bhwlq=""
          >
            <span
              aria-describedby="hearing-day-undefined"
              aria-label=""
              currentitem="false"
              data-event="focus mouseenter"
              data-event-off="mouseleave keydown"
              data-for="hearing-day-undefined"
              data-tip="true"
              tabindex="-1"
            >
              Video · VLJ Jerengal, Jonas
            </span>
            <span
              data-css-10mgax4=""
            >
              <div
                class="__react_component_tooltip t00000000-0000-0000-0000-000000000000 place-bottom type-dark"
                data-id="tooltip"
                id="hearing-day-undefined"
                role="tooltip"
              >
                <style>
                  
  	.t00000000-0000-0000-0000-000000000000 {
	    color: #fff;
	    background: #222;
	    border: 1px solid transparent;
  	}

  	.t00000000-0000-0000-0000-000000000000.place-top {
        margin-top: -10px;
    }
    .t00000000-0000-0000-0000-000000000000.place-top::before {
        border-top: 8px solid transparent;
    }
    .t00000000-0000-0000-0000-000000000000.place-top::after {
        border-left: 8px solid transparent;
        border-right: 8px solid transparent;
        bottom: -6px;
        left: 50%;
        margin-left: -8px;
        border-top-color: #222;
        border-top-style: solid;
        border-top-width: 6px;
    }

    .t00000000-0000-0000-0000-000000000000.place-bottom {
        margin-top: 10px;
    }
    .t00000000-0000-0000-0000-000000000000.place-bottom::before {
        border-bottom: 8px solid transparent;
    }
    .t00000000-0000-0000-0000-000000000000.place-bottom::after {
        border-left: 8px solid transparent;
        border-right: 8px solid transparent;
        top: -6px;
        left: 50%;
        margin-left: -8px;
        border-bottom-color: #222;
        border-bottom-style: solid;
        border-bottom-width: 6px;
    }

    .t00000000-0000-0000-0000-000000000000.place-left {
        margin-left: -10px;
    }
    .t00000000-0000-0000-0000-000000000000.place-left::before {
        border-left: 8px solid transparent;
    }
    .t00000000-0000-0000-0000-000000000000.place-left::after {
        border-top: 5px solid transparent;
        border-bottom: 5px solid transparent;
        right: -6px;
        top: 50%;
        margin-top: -4px;
        border-left-color: #222;
        border-left-style: solid;
        border-left-width: 6px;
    }

    .t00000000-0000-0000-0000-000000000000.place-right {
        margin-left: 10px;
    }
    .t00000000-0000-0000-0000-000000000000.place-right::before {
        border-right: 8px solid transparent;
    }
    .t00000000-0000-0000-0000-000000000000.place-right::after {
        border-top: 5px solid transparent;
        border-bottom: 5px solid transparent;
        left: -6px;
        top: 50%;
        margin-top: -4px;
        border-right-color: #222;
        border-right-style: solid;
        border-right-width: 6px;
    }
  
                </style>
                VLJ Jerengal, Jonas
              </div>
            </span>
          </div>
        </div>
        <div
          data-css-1fnaqki=""
        >
          <div
            data-css-lrak98=""
          >
            0 of 8
          </div>
          <div
            data-css-heqg99=""
          >
            scheduled
          </div>
        </div>
      </div>
    </button>
  </span>
</div>
`;
