// Jest Snapshot v1, https://goo.gl/fbAQLP

exports[`Fields Display timezone and divider for Central 1`] = `
<div>
  <div
    class="cf-app-segment"
  >
    <h2
      data-css-3rhuy2=""
    />
    <div
      data-css-1571z6o=""
    >
      <div
        class="usa-grid"
        id="email-section"
      >
        <div
          class="usa-width-one-third"
          data-css-150oin1=""
        >
          <div
            class=""
          >
            <div
              class="cf-form-dropdown dropdown-appellantTz"
              data-css-1dzedb9=""
            >
              <label
                class="question-label"
                for="appellant-tz"
                id="appellant-tz-label"
              >
                <strong>
                  <span>
                    Veteran Timezone
                    <span
                      class="cf-optional"
                    >
                      Optional
                    </span>
                  </span>
                </strong>
              </label>
              <div
                class="cf-select"
              >
                <div
                  class=" css-2b097c-container"
                >
                  <div
                    class="cf-select__control css-yk16xz-control"
                  >
                    <div
                      class="cf-select__value-container cf-select__value-container--has-value css-g1d714-ValueContainer"
                    >
                      <div
                        class="cf-select__single-value css-1uccc91-singleValue"
                      >
                        Pacific Time (US & Canada) (5:15 AM)
                      </div>
                      <div
                        class="css-81nyic-Input"
                      >
                        <div
                          class="cf-select__input"
                          style="display: inline-block;"
                        >
                          <input
                            aria-autocomplete="list"
                            aria-expanded="false"
                            aria-haspopup="true"
                            aria-label="Pacific Time (US & Canada) (5:15 AM)"
                            aria-labelledby="appellant-tz-label"
                            aria-owns="appellant-tz-listbox"
                            autocapitalize="none"
                            autocomplete="off"
                            autocorrect="off"
                            id="appellant-tz"
                            role="combobox"
                            spellcheck="false"
                            style="box-sizing: content-box; width: 2px; border: 0px; opacity: 1; outline: 0; padding: 0px;"
                            tabindex="0"
                            type="text"
                            value=""
                          />
                          <div
                            style="position: absolute; top: 0px; left: 0px; visibility: hidden; height: 0px; overflow: scroll; white-space: pre; font-family: -webkit-small-control; letter-spacing: normal; text-transform: none;"
                          />
                        </div>
                      </div>
                    </div>
                    <div
                      class="cf-select__indicators css-1hb7zxy-IndicatorsContainer"
                    >
                      <span
                        class="cf-select__indicator-separator css-1okebmr-indicatorSeparator"
                      />
                      <div
                        aria-hidden="true"
                        class="cf-select__indicator cf-select__dropdown-indicator css-tlfecz-indicatorContainer"
                      >
                        <svg
                          aria-hidden="true"
                          class="css-6q0nyr-Svg"
                          focusable="false"
                          height="20"
                          viewBox="0 0 20 20"
                          width="20"
                        >
                          <path
                            d="M4.516 7.548c0.436-0.446 1.043-0.481 1.576 0l3.908 3.747 3.908-3.747c0.533-0.481 1.141-0.446 1.574 0 0.436 0.445 0.408 1.197 0 1.615-0.406 0.418-4.695 4.502-4.695 4.502-0.217 0.223-0.502 0.335-0.787 0.335s-0.57-0.112-0.789-0.335c0 0-4.287-4.084-4.695-4.502s-0.436-1.17 0-1.615z"
                          />
                        </svg>
                      </div>
                    </div>
                  </div>
                  <input
                    name="appellantTz"
                    type="hidden"
                    value="America/Los_Angeles"
                  />
                </div>
              </div>
            </div>
          </div>
          <div
            class="helper-text"
          >
            The hearing time in email notifications is calculated based on the timezone.
          </div>
        </div>
        <div
          class="usa-width-one-third"
        >
          <div
            class="cf-form-textinput cf-inline-field   "
          >
            <label
              for="Veteran Email"
            >
              <strong>
                <span>
                  Veteran Email
                  <span
                    class="cf-optional"
                  >
                    Optional
                  </span>
                </span>
              </strong>
            </label>
            <div
              class="input-container"
            >
              <input
                aria-readonly="false"
                class="cf-form-textinput cf-inline-field"
                id="Veteran Email"
                name="Veteran Email"
                type="text"
                value="tom.brady@caseflow.gov"
              />
            </div>
          </div>
          <div
            class="helper-text"
          >
            This email address will be used to send notifications for this hearing only.
          </div>
        </div>
      </div>
      <div
        class="cf-help-divider"
      />
      <div
        class="usa-grid css-1jfbwxw"
      >
        <div
          class="usa-width-one-third"
          data-css-150oin1=""
        >
          <div
            class=""
          >
            <div
              class="cf-form-dropdown dropdown-representativeTz"
              data-css-1dzedb9=""
            >
              <label
                class="question-label"
                for="representative-tz"
                id="representative-tz-label"
              >
                <strong>
                  <span>
                    POA/Representative Timezone
                    <span
                      class="cf-required"
                    >
                      Required
                    </span>
                  </span>
                </strong>
              </label>
              <div
                class="cf-select"
              >
                <div
                  class=" css-2b097c-container"
                >
                  <div
                    class="cf-select__control css-yk16xz-control"
                  >
                    <div
                      class="cf-select__value-container cf-select__value-container--has-value css-g1d714-ValueContainer"
                    >
                      <div
                        class="cf-select__single-value css-1uccc91-singleValue"
                      >
                        Pacific Time (US & Canada) (5:15 AM)
                      </div>
                      <div
                        class="css-81nyic-Input"
                      >
                        <div
                          class="cf-select__input"
                          style="display: inline-block;"
                        >
                          <input
                            aria-autocomplete="list"
                            aria-expanded="false"
                            aria-haspopup="true"
                            aria-label="Pacific Time (US & Canada) (5:15 AM)"
                            aria-labelledby="representative-tz-label"
                            aria-owns="representative-tz-listbox"
                            autocapitalize="none"
                            autocomplete="off"
                            autocorrect="off"
                            id="representative-tz"
                            role="combobox"
                            spellcheck="false"
                            style="box-sizing: content-box; width: 2px; border: 0px; opacity: 1; outline: 0; padding: 0px;"
                            tabindex="0"
                            type="text"
                            value=""
                          />
                          <div
                            style="position: absolute; top: 0px; left: 0px; visibility: hidden; height: 0px; overflow: scroll; white-space: pre; font-family: -webkit-small-control; letter-spacing: normal; text-transform: none;"
                          />
                        </div>
                      </div>
                    </div>
                    <div
                      class="cf-select__indicators css-1hb7zxy-IndicatorsContainer"
                    >
                      <span
                        class="cf-select__indicator-separator css-1okebmr-indicatorSeparator"
                      />
                      <div
                        aria-hidden="true"
                        class="cf-select__indicator cf-select__dropdown-indicator css-tlfecz-indicatorContainer"
                      >
                        <svg
                          aria-hidden="true"
                          class="css-6q0nyr-Svg"
                          focusable="false"
                          height="20"
                          viewBox="0 0 20 20"
                          width="20"
                        >
                          <path
                            d="M4.516 7.548c0.436-0.446 1.043-0.481 1.576 0l3.908 3.747 3.908-3.747c0.533-0.481 1.141-0.446 1.574 0 0.436 0.445 0.408 1.197 0 1.615-0.406 0.418-4.695 4.502-4.695 4.502-0.217 0.223-0.502 0.335-0.787 0.335s-0.57-0.112-0.789-0.335c0 0-4.287-4.084-4.695-4.502s-0.436-1.17 0-1.615z"
                          />
                        </svg>
                      </div>
                    </div>
                  </div>
                  <input
                    name="representativeTz"
                    type="hidden"
                    value="America/Los_Angeles"
                  />
                </div>
              </div>
            </div>
          </div>
          <div
            class="helper-text"
          >
            The hearing time in email notifications is calculated based on the timezone.
          </div>
        </div>
        <div
          class="usa-width-one-third"
        >
          <div
            class="cf-form-textinput cf-inline-field   "
          >
            <label
              for="POA/Representative Email"
            >
              <strong>
                <span>
                  POA/Representative Email
                  <span
                    class="cf-optional"
                  >
                    Optional
                  </span>
                </span>
              </strong>
            </label>
            <div
              class="input-container"
            >
              <input
                aria-readonly="false"
                class="cf-form-textinput cf-inline-field"
                id="POA/Representative Email"
                name="POA/Representative Email"
                type="text"
                value="tom.brady@caseflow.gov"
              />
            </div>
          </div>
          <div
            class="helper-text"
          >
            This email address will be used to send notifications for this hearing only.
          </div>
        </div>
      </div>
    </div>
  </div>
</div>
`;

exports[`Fields Display timezone and divider for Video 1`] = `
<div>
  <div
    class="cf-app-segment"
  >
    <h2
      data-css-3rhuy2=""
    />
    <div
      data-css-1571z6o=""
    >
      <div
        class="usa-grid"
        id="email-section"
      >
        <div
          class="usa-width-one-third"
          data-css-150oin1=""
        >
          <div
            class=""
          >
            <div
              class="cf-form-dropdown dropdown-appellantTz"
              data-css-1dzedb9=""
            >
              <label
                class="question-label"
                for="appellant-tz"
                id="appellant-tz-label"
              >
                <strong>
                  <span>
                    Veteran Timezone
                    <span
                      class="cf-optional"
                    >
                      Optional
                    </span>
                  </span>
                </strong>
              </label>
              <div
                class="cf-select"
              >
                <div
                  class=" css-2b097c-container"
                >
                  <div
                    class="cf-select__control css-yk16xz-control"
                  >
                    <div
                      class="cf-select__value-container cf-select__value-container--has-value css-g1d714-ValueContainer"
                    >
                      <div
                        class="cf-select__single-value css-1uccc91-singleValue"
                      >
                        Pacific Time (US & Canada) (5:15 AM)
                      </div>
                      <div
                        class="css-81nyic-Input"
                      >
                        <div
                          class="cf-select__input"
                          style="display: inline-block;"
                        >
                          <input
                            aria-autocomplete="list"
                            aria-expanded="false"
                            aria-haspopup="true"
                            aria-label="Pacific Time (US & Canada) (5:15 AM)"
                            aria-labelledby="appellant-tz-label"
                            aria-owns="appellant-tz-listbox"
                            autocapitalize="none"
                            autocomplete="off"
                            autocorrect="off"
                            id="appellant-tz"
                            role="combobox"
                            spellcheck="false"
                            style="box-sizing: content-box; width: 2px; border: 0px; opacity: 1; outline: 0; padding: 0px;"
                            tabindex="0"
                            type="text"
                            value=""
                          />
                          <div
                            style="position: absolute; top: 0px; left: 0px; visibility: hidden; height: 0px; overflow: scroll; white-space: pre; font-family: -webkit-small-control; letter-spacing: normal; text-transform: none;"
                          />
                        </div>
                      </div>
                    </div>
                    <div
                      class="cf-select__indicators css-1hb7zxy-IndicatorsContainer"
                    >
                      <span
                        class="cf-select__indicator-separator css-1okebmr-indicatorSeparator"
                      />
                      <div
                        aria-hidden="true"
                        class="cf-select__indicator cf-select__dropdown-indicator css-tlfecz-indicatorContainer"
                      >
                        <svg
                          aria-hidden="true"
                          class="css-6q0nyr-Svg"
                          focusable="false"
                          height="20"
                          viewBox="0 0 20 20"
                          width="20"
                        >
                          <path
                            d="M4.516 7.548c0.436-0.446 1.043-0.481 1.576 0l3.908 3.747 3.908-3.747c0.533-0.481 1.141-0.446 1.574 0 0.436 0.445 0.408 1.197 0 1.615-0.406 0.418-4.695 4.502-4.695 4.502-0.217 0.223-0.502 0.335-0.787 0.335s-0.57-0.112-0.789-0.335c0 0-4.287-4.084-4.695-4.502s-0.436-1.17 0-1.615z"
                          />
                        </svg>
                      </div>
                    </div>
                  </div>
                  <input
                    name="appellantTz"
                    type="hidden"
                    value="America/Los_Angeles"
                  />
                </div>
              </div>
            </div>
          </div>
          <div
            class="helper-text"
          >
            The hearing time in email notifications is calculated based on the timezone.
          </div>
        </div>
        <div
          class="usa-width-one-third"
        >
          <div
            class="cf-form-textinput cf-inline-field   "
          >
            <label
              for="Veteran Email"
            >
              <strong>
                <span>
                  Veteran Email
                  <span
                    class="cf-optional"
                  >
                    Optional
                  </span>
                </span>
              </strong>
            </label>
            <div
              class="input-container"
            >
              <input
                aria-readonly="false"
                class="cf-form-textinput cf-inline-field"
                id="Veteran Email"
                name="Veteran Email"
                type="text"
                value="tom.brady@caseflow.gov"
              />
            </div>
          </div>
          <div
            class="helper-text"
          >
            This email address will be used to send notifications for this hearing only.
          </div>
        </div>
      </div>
      <div
        class="cf-help-divider"
      />
      <div
        class="usa-grid css-1jfbwxw"
      >
        <div
          class="usa-width-one-third"
          data-css-150oin1=""
        >
          <div
            class=""
          >
            <div
              class="cf-form-dropdown dropdown-representativeTz"
              data-css-1dzedb9=""
            >
              <label
                class="question-label"
                for="representative-tz"
                id="representative-tz-label"
              >
                <strong>
                  <span>
                    POA/Representative Timezone
                    <span
                      class="cf-required"
                    >
                      Required
                    </span>
                  </span>
                </strong>
              </label>
              <div
                class="cf-select"
              >
                <div
                  class=" css-2b097c-container"
                >
                  <div
                    class="cf-select__control css-yk16xz-control"
                  >
                    <div
                      class="cf-select__value-container cf-select__value-container--has-value css-g1d714-ValueContainer"
                    >
                      <div
                        class="cf-select__single-value css-1uccc91-singleValue"
                      >
                        Pacific Time (US & Canada) (5:15 AM)
                      </div>
                      <div
                        class="css-81nyic-Input"
                      >
                        <div
                          class="cf-select__input"
                          style="display: inline-block;"
                        >
                          <input
                            aria-autocomplete="list"
                            aria-expanded="false"
                            aria-haspopup="true"
                            aria-label="Pacific Time (US & Canada) (5:15 AM)"
                            aria-labelledby="representative-tz-label"
                            aria-owns="representative-tz-listbox"
                            autocapitalize="none"
                            autocomplete="off"
                            autocorrect="off"
                            id="representative-tz"
                            role="combobox"
                            spellcheck="false"
                            style="box-sizing: content-box; width: 2px; border: 0px; opacity: 1; outline: 0; padding: 0px;"
                            tabindex="0"
                            type="text"
                            value=""
                          />
                          <div
                            style="position: absolute; top: 0px; left: 0px; visibility: hidden; height: 0px; overflow: scroll; white-space: pre; font-family: -webkit-small-control; letter-spacing: normal; text-transform: none;"
                          />
                        </div>
                      </div>
                    </div>
                    <div
                      class="cf-select__indicators css-1hb7zxy-IndicatorsContainer"
                    >
                      <span
                        class="cf-select__indicator-separator css-1okebmr-indicatorSeparator"
                      />
                      <div
                        aria-hidden="true"
                        class="cf-select__indicator cf-select__dropdown-indicator css-tlfecz-indicatorContainer"
                      >
                        <svg
                          aria-hidden="true"
                          class="css-6q0nyr-Svg"
                          focusable="false"
                          height="20"
                          viewBox="0 0 20 20"
                          width="20"
                        >
                          <path
                            d="M4.516 7.548c0.436-0.446 1.043-0.481 1.576 0l3.908 3.747 3.908-3.747c0.533-0.481 1.141-0.446 1.574 0 0.436 0.445 0.408 1.197 0 1.615-0.406 0.418-4.695 4.502-4.695 4.502-0.217 0.223-0.502 0.335-0.787 0.335s-0.57-0.112-0.789-0.335c0 0-4.287-4.084-4.695-4.502s-0.436-1.17 0-1.615z"
                          />
                        </svg>
                      </div>
                    </div>
                  </div>
                  <input
                    name="representativeTz"
                    type="hidden"
                    value="America/Los_Angeles"
                  />
                </div>
              </div>
            </div>
          </div>
          <div
            class="helper-text"
          >
            The hearing time in email notifications is calculated based on the timezone.
          </div>
        </div>
        <div
          class="usa-width-one-third"
        >
          <div
            class="cf-form-textinput cf-inline-field   "
          >
            <label
              for="POA/Representative Email"
            >
              <strong>
                <span>
                  POA/Representative Email
                  <span
                    class="cf-optional"
                  >
                    Optional
                  </span>
                </span>
              </strong>
            </label>
            <div
              class="input-container"
            >
              <input
                aria-readonly="false"
                class="cf-form-textinput cf-inline-field"
                id="POA/Representative Email"
                name="POA/Representative Email"
                type="text"
                value="tom.brady@caseflow.gov"
              />
            </div>
          </div>
          <div
            class="helper-text"
          >
            This email address will be used to send notifications for this hearing only.
          </div>
        </div>
      </div>
    </div>
  </div>
</div>
`;
