// Jest Snapshot v1, https://goo.gl/fbAQLP

exports[`RadioField renders correctly 1`] = `
<div>
  <fieldset
    class="usa-fieldset-inputs cf-form-radio "
  >
    <legend
      class=""
    >
      <span>
        field1
         
      </span>
    </legend>
    <div
      class="cf-form-radio-options"
    >
      <div
        class="cf-form-radio-option"
      >
        <input
          id="field1_option1"
          name="field1"
          type="radio"
          value="option1"
        />
        <label
          class=""
          for="field1_option1"
        >
          Option 1
        </label>
      </div>
      <div
        class="cf-form-radio-option"
      >
        <input
          id="field1_option2"
          name="field1"
          type="radio"
          value="option2"
        />
        <label
          class=""
          for="field1_option2"
        >
          Option 2
        </label>
      </div>
      <div
        class="cf-form-radio-option"
      >
        <input
          id="field1_option3"
          name="field1"
          type="radio"
          value="option3"
        />
        <label
          class=""
          for="field1_option3"
        >
          Option 3
        </label>
      </div>
    </div>
  </fieldset>
</div>
`;
