// Jest Snapshot v1, https://goo.gl/fbAQLP

exports[`ErrorsFoundAndCorrectedModal renders correctly 1`] = `
<div>
  <section
    aria-describedby="modal_id-desc"
    aria-labelledby="modal_id-title"
    aria-modal="true"
    class="cf-modal active "
    id="modal_id"
    role="dialog"
  >
    <div
      class="cf-modal-body"
      id=""
    >
      <button
        class="cf-modal-close"
        id="Upload-transcript-to-VBMS-button-id-close"
        type="button"
      >
        <span
          class="usa-sr-only"
        >
          Close
        </span>
        <svg
          class="cf-icon-close"
          height="55"
          viewBox="0 0 55 55"
          xmlns="http://www.w3.org/2000/svg"
        >
          <title>
            close
          </title>
          <g
            fill="#212121"
          >
            <path
              d="M52.6 46.9l-6 6c-.8.8-1.9 1.2-3 1.2s-2.2-.4-3-1.2l-13-13-13 13c-.8.8-1.9 1.2-3 1.2s-2.2-.4-3-1.2l-6-6c-.8-.8-1.2-1.9-1.2-3s.4-2.2 1.2-3l13-13-13-13c-.8-.8-1.2-1.9-1.2-3s.4-2.2 1.2-3l6-6c.8-.8 1.9-1.2 3-1.2s2.2.4 3 1.2l13 13 13-13c.8-.8 1.9-1.2 3-1.2s2.2.4 3 1.2l6 6c.8.8 1.2 1.9 1.2 3s-.4 2.2-1.2 3l-13 13 13 13c.8.8 1.2 1.9 1.2 3s-.4 2.2-1.2 3z"
            />
          </g>
        </svg>
      </button>
      <div
        style="display: flex; flex-wrap: wrap;"
      >
        <h1
          id="modal_id-title"
          style="flex: 1;"
        >
          Upload transcript to VBMS
        </h1>
        <div
          data-css-2flkvz=""
        >
          <p>
            Please upload the revised transcript file for upload to VBMS.
          </p>
          <strong
            style="color: black;"
          >
            Please select PDF
          </strong>
          <div
            class="cf-file-input-container"
          >
            <div>
              <label
                for="cf-file-input"
              >
                <a>
                  Choose from folder
                </a>
              </label>
              <div
                data-css-gyrv08=""
              >
                <input
                  accept=".pdf"
                  id="cf-file-input"
                  type="file"
                />
              </div>
            </div>
          </div>
          <div
            class="comment-size-container"
          >
            <div
              class="cf-form-textarea"
            >
              <label
                class="question-label"
                for="cf-form-textarea"
              >
                <span>
                  Please provide context and instructions for this action
                </span>
              </label>
              <textarea
                id="cf-form-textarea"
                name="Please provide context and instructions for this action"
              />
            </div>
          </div>
        </div>
      </div>
      <div
        class="cf-modal-divider"
      />
      <div
        class="cf-modal-controls"
      >
        <div>
          <span
            class="cf-push-right"
          >
            <span>
              <button
                class="cf-submit usa-button-disabled usa-button"
                disabled=""
                type="button"
              >
                Upload to VBMS
              </button>
            </span>
          </span>
          <span
            class="cf-push-left"
          >
            <span>
              <button
                class="cf-submit cf-btn-link usa-button"
                type="button"
              >
                Cancel
              </button>
            </span>
          </span>
        </div>
      </div>
    </div>
  </section>
</div>
`;
