// Jest Snapshot v1, https://goo.gl/fbAQLP

exports[`RemoveIssueModal renders 1`] = `
Object {
  "asFragment": [Function],
  "baseElement": <body>
    <div>
      <div
        class="intake-remove-issue"
      >
        <section
          aria-describedby="modal_id-desc"
          aria-labelledby="modal_id-title"
          aria-modal="true"
          class="cf-modal active "
          id="modal_id"
          role="dialog"
        >
          <div
            class="cf-modal-body"
            id=""
          >
            <button
              class="cf-modal-close"
              id="Remove-issue-button-id-close"
              type="button"
            >
              <span
                class="usa-sr-only"
              >
                Close
              </span>
              <svg
                class="cf-icon-close"
                height="55"
                viewBox="0 0 55 55"
                xmlns="http://www.w3.org/2000/svg"
              >
                <title>
                  close
                </title>
                <g
                  fill="#212121"
                >
                  <path
                    d="M52.6 46.9l-6 6c-.8.8-1.9 1.2-3 1.2s-2.2-.4-3-1.2l-13-13-13 13c-.8.8-1.9 1.2-3 1.2s-2.2-.4-3-1.2l-6-6c-.8-.8-1.2-1.9-1.2-3s.4-2.2 1.2-3l13-13-13-13c-.8-.8-1.2-1.9-1.2-3s.4-2.2 1.2-3l6-6c.8-.8 1.9-1.2 3-1.2s2.2.4 3 1.2l13 13 13-13c.8-.8 1.9-1.2 3-1.2s2.2.4 3 1.2l6 6c.8.8 1.2 1.9 1.2 3s-.4 2.2-1.2 3l-13 13 13 13c.8.8 1.2 1.9 1.2 3s-.4 2.2-1.2 3z"
                  />
                </g>
              </svg>
            </button>
            <div
              style="display: flex;"
            >
              <div
                data-css-1gs0ko2=""
              >
                <h1
                  id="modal_id-title"
                >
                  Remove issue
                </h1>
                <div
                  data-css-o98ubo=""
                >
                  <div>
                    <p>
                      The contention you selected will be removed from the decision review.
                    </p>
                    <p>
                      Are you sure you want to remove this issue?
                    </p>
                  </div>
                </div>
              </div>
            </div>
            <div
              class="cf-modal-divider"
            />
            <div
              class="cf-modal-controls"
            >
              <span>
                <button
                  class="cf-modal-link cf-btn-link close-modal cf-push-left usa-button"
                  id="Remove-issue-button-id-0"
                  type="button"
                >
                  Cancel
                </button>
              </span>
              <span>
                <button
                  class="usa-button-red remove-issue cf-push-right usa-button"
                  id="Remove-issue-button-id-1"
                  type="button"
                >
                  Yes, remove issue
                </button>
              </span>
            </div>
          </div>
        </section>
      </div>
    </div>
  </body>,
  "container": <div>
    <div
      class="intake-remove-issue"
    >
      <section
        aria-describedby="modal_id-desc"
        aria-labelledby="modal_id-title"
        aria-modal="true"
        class="cf-modal active "
        id="modal_id"
        role="dialog"
      >
        <div
          class="cf-modal-body"
          id=""
        >
          <button
            class="cf-modal-close"
            id="Remove-issue-button-id-close"
            type="button"
          >
            <span
              class="usa-sr-only"
            >
              Close
            </span>
            <svg
              class="cf-icon-close"
              height="55"
              viewBox="0 0 55 55"
              xmlns="http://www.w3.org/2000/svg"
            >
              <title>
                close
              </title>
              <g
                fill="#212121"
              >
                <path
                  d="M52.6 46.9l-6 6c-.8.8-1.9 1.2-3 1.2s-2.2-.4-3-1.2l-13-13-13 13c-.8.8-1.9 1.2-3 1.2s-2.2-.4-3-1.2l-6-6c-.8-.8-1.2-1.9-1.2-3s.4-2.2 1.2-3l13-13-13-13c-.8-.8-1.2-1.9-1.2-3s.4-2.2 1.2-3l6-6c.8-.8 1.9-1.2 3-1.2s2.2.4 3 1.2l13 13 13-13c.8-.8 1.9-1.2 3-1.2s2.2.4 3 1.2l6 6c.8.8 1.2 1.9 1.2 3s-.4 2.2-1.2 3l-13 13 13 13c.8.8 1.2 1.9 1.2 3s-.4 2.2-1.2 3z"
                />
              </g>
            </svg>
          </button>
          <div
            style="display: flex;"
          >
            <div
              data-css-1gs0ko2=""
            >
              <h1
                id="modal_id-title"
              >
                Remove issue
              </h1>
              <div
                data-css-o98ubo=""
              >
                <div>
                  <p>
                    The contention you selected will be removed from the decision review.
                  </p>
                  <p>
                    Are you sure you want to remove this issue?
                  </p>
                </div>
              </div>
            </div>
          </div>
          <div
            class="cf-modal-divider"
          />
          <div
            class="cf-modal-controls"
          >
            <span>
              <button
                class="cf-modal-link cf-btn-link close-modal cf-push-left usa-button"
                id="Remove-issue-button-id-0"
                type="button"
              >
                Cancel
              </button>
            </span>
            <span>
              <button
                class="usa-button-red remove-issue cf-push-right usa-button"
                id="Remove-issue-button-id-1"
                type="button"
              >
                Yes, remove issue
              </button>
            </span>
          </div>
        </div>
      </section>
    </div>
  </div>,
  "debug": [Function],
  "findAllByAltText": [Function],
  "findAllByDisplayValue": [Function],
  "findAllByLabelText": [Function],
  "findAllByPlaceholderText": [Function],
  "findAllByRole": [Function],
  "findAllByTestId": [Function],
  "findAllByText": [Function],
  "findAllByTitle": [Function],
  "findByAltText": [Function],
  "findByDisplayValue": [Function],
  "findByLabelText": [Function],
  "findByPlaceholderText": [Function],
  "findByRole": [Function],
  "findByTestId": [Function],
  "findByText": [Function],
  "findByTitle": [Function],
  "getAllByAltText": [Function],
  "getAllByDisplayValue": [Function],
  "getAllByLabelText": [Function],
  "getAllByPlaceholderText": [Function],
  "getAllByRole": [Function],
  "getAllByTestId": [Function],
  "getAllByText": [Function],
  "getAllByTitle": [Function],
  "getByAltText": [Function],
  "getByDisplayValue": [Function],
  "getByLabelText": [Function],
  "getByPlaceholderText": [Function],
  "getByRole": [Function],
  "getByTestId": [Function],
  "getByText": [Function],
  "getByTitle": [Function],
  "queryAllByAltText": [Function],
  "queryAllByDisplayValue": [Function],
  "queryAllByLabelText": [Function],
  "queryAllByPlaceholderText": [Function],
  "queryAllByRole": [Function],
  "queryAllByTestId": [Function],
  "queryAllByText": [Function],
  "queryAllByTitle": [Function],
  "queryByAltText": [Function],
  "queryByDisplayValue": [Function],
  "queryByLabelText": [Function],
  "queryByPlaceholderText": [Function],
  "queryByRole": [Function],
  "queryByTestId": [Function],
  "queryByText": [Function],
  "queryByTitle": [Function],
  "rerender": [Function],
  "unmount": [Function],
}
`;
