// Jest Snapshot v1, https://goo.gl/fbAQLP

exports[`OvertimeBadge renders correctly 1`] = `
<div>
  <div
    class="cf-overtime-badge"
  >
    <span
      aria-describedby="badge-undefined"
      aria-label="overtime"
      currentitem="false"
      data-css-13kydni=""
      data-event="focus mouseenter"
      data-event-off="mouseleave keydown"
      data-for="badge-undefined"
      data-tip="true"
      tabindex="0"
    >
      OT
    </span>
    <span
      data-css-12sli69=""
    >
      <div
        class="__react_component_tooltip t00000000-0000-0000-0000-000000000000 place-bottom type-dark"
        data-id="tooltip"
        id="badge-undefined"
        role="tooltip"
      >
        <style>
          
  	.t00000000-0000-0000-0000-000000000000 {
	    color: #fff;
	    background: #222;
	    border: 1px solid transparent;
  	}

  	.t00000000-0000-0000-0000-000000000000.place-top {
        margin-top: -10px;
    }
    .t00000000-0000-0000-0000-000000000000.place-top::before {
        border-top: 8px solid transparent;
    }
    .t00000000-0000-0000-0000-000000000000.place-top::after {
        border-left: 8px solid transparent;
        border-right: 8px solid transparent;
        bottom: -6px;
        left: 50%;
        margin-left: -8px;
        border-top-color: #222;
        border-top-style: solid;
        border-top-width: 6px;
    }

    .t00000000-0000-0000-0000-000000000000.place-bottom {
        margin-top: 10px;
    }
    .t00000000-0000-0000-0000-000000000000.place-bottom::before {
        border-bottom: 8px solid transparent;
    }
    .t00000000-0000-0000-0000-000000000000.place-bottom::after {
        border-left: 8px solid transparent;
        border-right: 8px solid transparent;
        top: -6px;
        left: 50%;
        margin-left: -8px;
        border-bottom-color: #222;
        border-bottom-style: solid;
        border-bottom-width: 6px;
    }

    .t00000000-0000-0000-0000-000000000000.place-left {
        margin-left: -10px;
    }
    .t00000000-0000-0000-0000-000000000000.place-left::before {
        border-left: 8px solid transparent;
    }
    .t00000000-0000-0000-0000-000000000000.place-left::after {
        border-top: 5px solid transparent;
        border-bottom: 5px solid transparent;
        right: -6px;
        top: 50%;
        margin-top: -4px;
        border-left-color: #222;
        border-left-style: solid;
        border-left-width: 6px;
    }

    .t00000000-0000-0000-0000-000000000000.place-right {
        margin-left: 10px;
    }
    .t00000000-0000-0000-0000-000000000000.place-right::before {
        border-right: 8px solid transparent;
    }
    .t00000000-0000-0000-0000-000000000000.place-right::after {
        border-top: 5px solid transparent;
        border-bottom: 5px solid transparent;
        left: -6px;
        top: 50%;
        margin-top: -4px;
        border-right-color: #222;
        border-right-style: solid;
        border-right-width: 6px;
    }
  
        </style>
        <div>
          This case has been approved to be worked in overtime hours
        </div>
      </div>
    </span>
  </div>
</div>
`;
