// Jest Snapshot v1, https://goo.gl/fbAQLP

exports[`SelectClaimant with default value props renders correctly 1`] = `
<div>
  <div
    class="cf-different-claimant"
    style="margin-top: 10px;"
  >
    <fieldset
      class="usa-fieldset-inputs cf-form-radio "
    >
      <legend
        class=""
      >
        <strong>
          <span>
            Is the claimant someone other than the Veteran?
             
          </span>
        </strong>
      </legend>
      <div
        class="cf-form-radio-options"
      >
        <div
          class="cf-form-radio-option"
        >
          <input
            id="different-claimant-option_false"
            name="different-claimant-option"
            type="radio"
            value="false"
          />
          <label
            class=""
            for="different-claimant-option_false"
          >
            No
          </label>
        </div>
        <div
          class="cf-form-radio-option"
        >
          <input
            id="different-claimant-option_true"
            name="different-claimant-option"
            type="radio"
            value="true"
          />
          <label
            class=""
            for="different-claimant-option_true"
          >
            Yes
          </label>
        </div>
      </div>
    </fieldset>
  </div>
</div>
`;

exports[`SelectClaimant with formType 'appeal' nonVeteranClaimants enabled renders correctly 1`] = `
<div>
  <div
    class="cf-different-claimant"
    style="margin-top: 10px;"
  >
    <fieldset
      class="usa-fieldset-inputs cf-form-radio "
    >
      <legend
        class=""
      >
        <strong>
          <span>
            Is the claimant someone other than the Veteran?
             
          </span>
        </strong>
      </legend>
      <div
        class="cf-form-radio-options"
      >
        <div
          class="cf-form-radio-option"
        >
          <input
            id="different-claimant-option_false"
            name="different-claimant-option"
            type="radio"
            value="false"
          />
          <label
            class=""
            for="different-claimant-option_false"
          >
            No
          </label>
        </div>
        <div
          class="cf-form-radio-option"
        >
          <input
            checked=""
            id="different-claimant-option_true"
            name="different-claimant-option"
            type="radio"
            value="true"
          />
          <label
            class=""
            for="different-claimant-option_true"
          >
            Yes
          </label>
        </div>
      </div>
    </fieldset>
    <div>
      <fieldset
        class="usa-fieldset-inputs cf-form-radio "
      >
        <legend
          class=""
        >
          <strong>
            <span>
              <p
                id="nonListedClaimantLabel"
                style="margin-top: 8.95px; margin-bottom: -25px;"
              >
                Please select the claimant listed on the form. If the claimant is not listed, please select "Claimant not listed" and add their information in the next step.
                <br />
                <br />
              </p>
               
            </span>
          </strong>
        </legend>
        <div
          class="cf-form-radio-options"
        >
          <div
            class="cf-form-radio-option"
          >
            <input
              id="claimant-options_CLAIMANT_WITH_PVA_AS_VSO"
              name="claimant-options"
              type="radio"
              value="CLAIMANT_WITH_PVA_AS_VSO"
            />
            <label
              class=""
              for="claimant-options_CLAIMANT_WITH_PVA_AS_VSO"
            >
              Bob Vance, Spouse
            </label>
          </div>
          <div
            class="cf-form-radio-option"
          >
            <input
              id="claimant-options_1129318238"
              name="claimant-options"
              type="radio"
              value="1129318238"
            />
            <label
              class=""
              for="claimant-options_1129318238"
            >
              Cathy Smith, Child
            </label>
          </div>
          <div
            class="cf-form-radio-option"
          >
            <input
              id="claimant-options_claimant_not_listed"
              name="claimant-options"
              type="radio"
              value="claimant_not_listed"
            />
            <label
              class=""
              for="claimant-options_claimant_not_listed"
            >
              Claimant not listed
            </label>
          </div>
        </div>
      </fieldset>
    </div>
  </div>
</div>
`;

exports[`SelectClaimant with formType renders correctly 1`] = `
<div>
  <div
    class="cf-different-claimant"
    style="margin-top: 10px;"
  >
    <fieldset
      class="usa-fieldset-inputs cf-form-radio "
    >
      <legend
        class=""
      >
        <strong>
          <span>
            Is the claimant someone other than the Veteran?
             
          </span>
        </strong>
      </legend>
      <div
        class="cf-form-radio-options"
      >
        <div
          class="cf-form-radio-option"
        >
          <input
            disabled=""
            id="different-claimant-option_false"
            name="different-claimant-option"
            type="radio"
            value="false"
          />
          <label
            class="disabled"
            for="different-claimant-option_false"
          >
            No
          </label>
        </div>
        <div
          class="cf-form-radio-option"
        >
          <input
            id="different-claimant-option_true"
            name="different-claimant-option"
            type="radio"
            value="true"
          />
          <label
            class=""
            for="different-claimant-option_true"
          >
            Yes
          </label>
        </div>
      </div>
    </fieldset>
  </div>
</div>
`;
