// Jest Snapshot v1, https://goo.gl/fbAQLP

exports[`PactBadge renders correctly 1`] = `
<Provider
  store={
    Object {
      "dispatch": [Function],
      "getState": [Function],
      "replaceReducer": [Function],
      "subscribe": [Function],
      Symbol(observable): [Function],
    }
  }
>
  <PactBadge
    appeal={
      Object {
        "pact": true,
      }
    }
  />
</Provider>
`;
